-- Install configuration: ""
-- Up-to-date: /root/ros2_ws/install/mini_simulation/share/mini_simulation/launch
-- Up-to-date: /root/ros2_ws/install/mini_simulation/share/mini_simulation/launch/sim
-- Up-to-date: /root/ros2_ws/install/mini_simulation/share/mini_simulation/launch/sim/0s_ign_spawn_world_gazebo.launch.py
-- Up-to-date: /root/ros2_ws/install/mini_simulation/share/mini_simulation/launch/sim/1s_ign_spawn_mini_gazebo.launch.py
-- Up-to-date: /root/ros2_ws/install/mini_simulation/share/mini_simulation/meshes
-- Up-to-date: /root/ros2_ws/install/mini_simulation/share/mini_simulation/meshes/rplidar_s2.dae
-- Up-to-date: /root/ros2_ws/install/mini_simulation/share/mini_simulation/meshes/centered_rplidar-s1m1-r1.stl
-- Up-to-date: /root/ros2_ws/install/mini_simulation/share/mini_simulation/meshes/hub_6.5in.dae
-- Up-to-date: /root/ros2_ws/install/mini_simulation/share/mini_simulation/meshes/mini_chassis.dae
-- Up-to-date: /root/ros2_ws/install/mini_simulation/share/mini_simulation/meshes/rplidar-s1m1-r1.stl
-- Up-to-date: /root/ros2_ws/install/mini_simulation/share/mini_simulation/urdf
-- Up-to-date: /root/ros2_ws/install/mini_simulation/share/mini_simulation/urdf/accessories
-- Up-to-date: /root/ros2_ws/install/mini_simulation/share/mini_simulation/urdf/accessories/rplidar_s2.urdf
-- Up-to-date: /root/ros2_ws/install/mini_simulation/share/mini_simulation/urdf/accessories/imu.urdf
-- Up-to-date: /root/ros2_ws/install/mini_simulation/share/mini_simulation/urdf/accessories/rover_dev_payload.urdf
-- Up-to-date: /root/ros2_ws/install/mini_simulation/share/mini_simulation/urdf/test.urdf
-- Up-to-date: /root/ros2_ws/install/mini_simulation/share/mini_simulation/urdf/mini.urdf
-- Up-to-date: /root/ros2_ws/install/mini_simulation/share/ament_index/resource_index/package_run_dependencies/mini_simulation
-- Up-to-date: /root/ros2_ws/install/mini_simulation/share/ament_index/resource_index/parent_prefix_path/mini_simulation
-- Up-to-date: /root/ros2_ws/install/mini_simulation/share/mini_simulation/environment/ament_prefix_path.sh
-- Up-to-date: /root/ros2_ws/install/mini_simulation/share/mini_simulation/environment/ament_prefix_path.dsv
-- Up-to-date: /root/ros2_ws/install/mini_simulation/share/mini_simulation/environment/path.sh
-- Up-to-date: /root/ros2_ws/install/mini_simulation/share/mini_simulation/environment/path.dsv
-- Up-to-date: /root/ros2_ws/install/mini_simulation/share/mini_simulation/local_setup.bash
-- Up-to-date: /root/ros2_ws/install/mini_simulation/share/mini_simulation/local_setup.sh
-- Up-to-date: /root/ros2_ws/install/mini_simulation/share/mini_simulation/local_setup.zsh
-- Up-to-date: /root/ros2_ws/install/mini_simulation/share/mini_simulation/local_setup.dsv
-- Installing: /root/ros2_ws/install/mini_simulation/share/mini_simulation/package.dsv
-- Up-to-date: /root/ros2_ws/install/mini_simulation/share/ament_index/resource_index/packages/mini_simulation
-- Up-to-date: /root/ros2_ws/install/mini_simulation/share/mini_simulation/cmake/mini_simulationConfig.cmake
-- Up-to-date: /root/ros2_ws/install/mini_simulation/share/mini_simulation/cmake/mini_simulationConfig-version.cmake
-- Up-to-date: /root/ros2_ws/install/mini_simulation/share/mini_simulation/package.xml
