[0.046s] Invoking command in '/root/ros2_ws/build/mini_simulation': CMAKE_PREFIX_PATH=/opt/ros/humble /usr/bin/cmake --build /root/ros2_ws/build/mini_simulation -- -j8 -l8
[0.203s] Invoked command in '/root/ros2_ws/build/mini_simulation' returned '0': CMAKE_PREFIX_PATH=/opt/ros/humble /usr/bin/cmake --build /root/ros2_ws/build/mini_simulation -- -j8 -l8
[0.205s] Invoking command in '/root/ros2_ws/build/mini_simulation': CMAKE_PREFIX_PATH=/opt/ros/humble /usr/bin/cmake --install /root/ros2_ws/build/mini_simulation
[0.255s] -- Install configuration: ""
[0.255s] -- Up-to-date: /root/ros2_ws/install/mini_simulation/share/mini_simulation/launch
[0.255s] -- Up-to-date: /root/ros2_ws/install/mini_simulation/share/mini_simulation/launch/sim
[0.256s] -- Up-to-date: /root/ros2_ws/install/mini_simulation/share/mini_simulation/launch/sim/0s_ign_spawn_world_gazebo.launch.py
[0.257s] -- Up-to-date: /root/ros2_ws/install/mini_simulation/share/mini_simulation/launch/sim/1s_ign_spawn_mini_gazebo.launch.py
[0.257s] -- Up-to-date: /root/ros2_ws/install/mini_simulation/share/mini_simulation/meshes
[0.257s] -- Up-to-date: /root/ros2_ws/install/mini_simulation/share/mini_simulation/meshes/rplidar_s2.dae
[0.257s] -- Up-to-date: /root/ros2_ws/install/mini_simulation/share/mini_simulation/meshes/centered_rplidar-s1m1-r1.stl
[0.258s] -- Up-to-date: /root/ros2_ws/install/mini_simulation/share/mini_simulation/meshes/hub_6.5in.dae
[0.258s] -- Up-to-date: /root/ros2_ws/install/mini_simulation/share/mini_simulation/meshes/mini_chassis.dae
[0.258s] -- Up-to-date: /root/ros2_ws/install/mini_simulation/share/mini_simulation/meshes/rplidar-s1m1-r1.stl
[0.258s] -- Up-to-date: /root/ros2_ws/install/mini_simulation/share/mini_simulation/urdf
[0.258s] -- Up-to-date: /root/ros2_ws/install/mini_simulation/share/mini_simulation/urdf/accessories
[0.259s] -- Up-to-date: /root/ros2_ws/install/mini_simulation/share/mini_simulation/urdf/accessories/rplidar_s2.urdf
[0.259s] -- Up-to-date: /root/ros2_ws/install/mini_simulation/share/mini_simulation/urdf/accessories/imu.urdf
[0.259s] -- Up-to-date: /root/ros2_ws/install/mini_simulation/share/mini_simulation/urdf/accessories/rover_dev_payload.urdf
[0.259s] -- Up-to-date: /root/ros2_ws/install/mini_simulation/share/mini_simulation/urdf/test.urdf
[0.260s] -- Up-to-date: /root/ros2_ws/install/mini_simulation/share/mini_simulation/urdf/mini.urdf
[0.260s] -- Up-to-date: /root/ros2_ws/install/mini_simulation/share/ament_index/resource_index/package_run_dependencies/mini_simulation
[0.260s] -- Up-to-date: /root/ros2_ws/install/mini_simulation/share/ament_index/resource_index/parent_prefix_path/mini_simulation
[0.263s] -- Up-to-date: /root/ros2_ws/install/mini_simulation/share/mini_simulation/environment/ament_prefix_path.sh
[0.263s] -- Up-to-date: /root/ros2_ws/install/mini_simulation/share/mini_simulation/environment/ament_prefix_path.dsv
[0.264s] -- Up-to-date: /root/ros2_ws/install/mini_simulation/share/mini_simulation/environment/path.sh
[0.264s] -- Up-to-date: /root/ros2_ws/install/mini_simulation/share/mini_simulation/environment/path.dsv
[0.264s] -- Up-to-date: /root/ros2_ws/install/mini_simulation/share/mini_simulation/local_setup.bash
[0.264s] -- Up-to-date: /root/ros2_ws/install/mini_simulation/share/mini_simulation/local_setup.sh
[0.264s] -- Up-to-date: /root/ros2_ws/install/mini_simulation/share/mini_simulation/local_setup.zsh
[0.264s] -- Up-to-date: /root/ros2_ws/install/mini_simulation/share/mini_simulation/local_setup.dsv
[0.264s] -- Installing: /root/ros2_ws/install/mini_simulation/share/mini_simulation/package.dsv
[0.265s] -- Up-to-date: /root/ros2_ws/install/mini_simulation/share/ament_index/resource_index/packages/mini_simulation
[0.265s] -- Up-to-date: /root/ros2_ws/install/mini_simulation/share/mini_simulation/cmake/mini_simulationConfig.cmake
[0.265s] -- Up-to-date: /root/ros2_ws/install/mini_simulation/share/mini_simulation/cmake/mini_simulationConfig-version.cmake
[0.265s] -- Up-to-date: /root/ros2_ws/install/mini_simulation/share/mini_simulation/package.xml
[0.410s] Invoked command in '/root/ros2_ws/build/mini_simulation' returned '0': CMAKE_PREFIX_PATH=/opt/ros/humble /usr/bin/cmake --install /root/ros2_ws/build/mini_simulation
