[  1%] [34m[1mAutomatic MOC for target witmotion-uart[0m
[  2%] [34m[1mAutomatic MOC for target wt31n-calibration[0m
[  4%] [34m[1mAutomatic MOC for target wt31n-standalone-decoder[0m
[  4%] Built target witmotion-uart_autogen
[  5%] [34m[1mGenerating include/witmotion/moc_serial.cpp[0m
[  7%] [34m[1mGenerating include/witmotion/moc_types.cpp[0m
[  7%] Built target wt31n-calibration_autogen
[  8%] [32mBuilding CXX object witmotion-uart-qt/CMakeFiles/wt31n-calibration.dir/wt31n-calibration_autogen/mocs_compilation.cpp.o[0m
[ 10%] [32mBuilding CXX object witmotion-uart-qt/CMakeFiles/witmotion-uart.dir/witmotion-uart_autogen/mocs_compilation.cpp.o[0m
[ 11%] [32mBuilding CXX object witmotion-uart-qt/CMakeFiles/wt31n-calibration.dir/examples/wt31n/calibration-standalone.cpp.o[0m
[ 13%] [32mBuilding CXX object witmotion-uart-qt/CMakeFiles/witmotion-uart.dir/src/util.cpp.o[0m
[ 14%] [32mBuilding CXX object witmotion-uart-qt/CMakeFiles/witmotion-uart.dir/include/witmotion/moc_serial.cpp.o[0m
[ 16%] [32mBuilding CXX object witmotion-uart-qt/CMakeFiles/witmotion-uart.dir/src/serial.cpp.o[0m
[ 17%] [32mBuilding CXX object witmotion-uart-qt/CMakeFiles/witmotion-uart.dir/include/witmotion/moc_types.cpp.o[0m
[ 17%] Built target wt31n-standalone-decoder_autogen
[ 19%] [32mBuilding CXX object witmotion-uart-qt/CMakeFiles/wt31n-standalone-decoder.dir/wt31n-standalone-decoder_autogen/mocs_compilation.cpp.o[0m
[ 20%] [32mBuilding CXX object witmotion-uart-qt/CMakeFiles/wt31n-standalone-decoder.dir/examples/wt31n/witmotion-wt31n-uart-test.cpp.o[0m
[ 22%] [32m[1mLinking CXX executable wt31n-calibration[0m
[ 23%] [32m[1mLinking CXX executable wt31n-standalone-decoder[0m
[ 25%] [32m[1mLinking CXX shared library libwitmotion-uart.so[0m
[ 25%] Built target wt31n-calibration
[ 25%] Built target witmotion-uart
[ 25%] Built target wt31n-standalone-decoder
[ 28%] [34m[1mAutomatic MOC for target message-enumerator[0m
[ 28%] [34m[1mAutomatic MOC for target witmotion-wt31n[0m
[ 31%] [34m[1mAutomatic MOC for target witmotion-wt901[0m
[ 31%] [34m[1mAutomatic MOC for target witmotion_ros[0m
[ 31%] Built target witmotion-wt901_autogen
[ 31%] Built target message-enumerator_autogen
[ 31%] Built target witmotion_ros_autogen
[ 31%] Built target witmotion-wt31n_autogen
[ 34%] [34m[1mGenerating include/witmotion/moc_message-enumerator.cpp[0m
[ 34%] [34m[1mGenerating include/witmotion/moc_wt901-uart.cpp[0m
[ 35%] [34m[1mGenerating include/moc_witmotion_ros.cpp[0m
[ 37%] [34m[1mGenerating include/witmotion/moc_wt31n-uart.cpp[0m
[ 40%] [32mBuilding CXX object witmotion-uart-qt/CMakeFiles/message-enumerator.dir/src/message-enumerator.cpp.o[0m
[ 38%] [32mBuilding CXX object witmotion-uart-qt/CMakeFiles/message-enumerator.dir/include/witmotion/moc_message-enumerator.cpp.o[0m
[ 41%] [32mBuilding CXX object witmotion-uart-qt/CMakeFiles/witmotion-wt901.dir/witmotion-wt901_autogen/mocs_compilation.cpp.o[0m
[ 43%] [32mBuilding CXX object witmotion-uart-qt/CMakeFiles/message-enumerator.dir/message-enumerator_autogen/mocs_compilation.cpp.o[0m
[ 44%] [32mBuilding CXX object witmotion-uart-qt/CMakeFiles/witmotion-wt901.dir/include/witmotion/moc_wt901-uart.cpp.o[0m
[ 46%] [32mBuilding CXX object witmotion-uart-qt/CMakeFiles/witmotion-wt901.dir/src/wt901-uart.cpp.o[0m
[ 47%] [32mBuilding CXX object witmotion-uart-qt/CMakeFiles/witmotion-wt31n.dir/witmotion-wt31n_autogen/mocs_compilation.cpp.o[0m
[ 49%] [32mBuilding CXX object CMakeFiles/witmotion_ros.dir/witmotion_ros_autogen/mocs_compilation.cpp.o[0m
[ 50%] [32mBuilding CXX object CMakeFiles/witmotion_ros.dir/include/moc_witmotion_ros.cpp.o[0m
[ 52%] [32mBuilding CXX object witmotion-uart-qt/CMakeFiles/witmotion-wt31n.dir/src/wt31n-uart.cpp.o[0m
[ 53%] [32mBuilding CXX object witmotion-uart-qt/CMakeFiles/witmotion-wt31n.dir/include/witmotion/moc_wt31n-uart.cpp.o[0m
[ 55%] [32mBuilding CXX object CMakeFiles/witmotion_ros.dir/src/witmotion_ros.cpp.o[0m
[ 56%] [32m[1mLinking CXX executable message-enumerator[0m
[ 58%] [32m[1mLinking CXX shared library libwitmotion-wt31n.so[0m
[ 59%] [32m[1mLinking CXX shared library libwitmotion-wt901.so[0m
[ 59%] Built target witmotion-wt31n
[ 59%] Built target message-enumerator
[ 61%] [34m[1mAutomatic MOC for target witmotionctl-wt31n[0m
[ 61%] Built target witmotionctl-wt31n_autogen
[ 61%] Built target witmotion-wt901
[ 62%] [32mBuilding CXX object witmotion-uart-qt/CMakeFiles/witmotionctl-wt31n.dir/witmotionctl-wt31n_autogen/mocs_compilation.cpp.o[0m
[ 65%] [34m[1mAutomatic MOC for target witmotionctl-wt901[0m
[ 65%] [32mBuilding CXX object witmotion-uart-qt/CMakeFiles/witmotionctl-wt31n.dir/src/wt31n-control.cpp.o[0m
[ 67%] [32mBuilding CXX object witmotion-uart-qt/CMakeFiles/witmotionctl-wt31n.dir/include/witmotion/moc_wt31n-uart.cpp.o[0m
[ 68%] [34m[1mAutomatic MOC for target witmotion-jy901[0m
[ 68%] Built target witmotion-jy901_autogen
[ 68%] Built target witmotionctl-wt901_autogen
[ 71%] [32mBuilding CXX object witmotion-uart-qt/CMakeFiles/witmotion-jy901.dir/src/jy901-uart.cpp.o[0m
[ 71%] [32mBuilding CXX object witmotion-uart-qt/CMakeFiles/witmotionctl-wt901.dir/witmotionctl-wt901_autogen/mocs_compilation.cpp.o[0m
[ 73%] [32mBuilding CXX object witmotion-uart-qt/CMakeFiles/witmotionctl-wt901.dir/include/witmotion/moc_wt901-uart.cpp.o[0m
[ 74%] [32mBuilding CXX object witmotion-uart-qt/CMakeFiles/witmotion-jy901.dir/witmotion-jy901_autogen/mocs_compilation.cpp.o[0m
[ 76%] [32mBuilding CXX object witmotion-uart-qt/CMakeFiles/witmotionctl-wt901.dir/src/wt901-control.cpp.o[0m
[ 77%] [32m[1mLinking CXX shared library libwitmotion-jy901.so[0m
[ 77%] Built target witmotion-jy901
[ 79%] [34m[1mAutomatic MOC for target witmotionctl-jy901[0m
[ 79%] Built target witmotionctl-jy901_autogen
[ 80%] [34m[1mGenerating include/witmotion/moc_jy901-uart.cpp[0m
[ 85%] [32mBuilding CXX object witmotion-uart-qt/CMakeFiles/witmotionctl-jy901.dir/witmotionctl-jy901_autogen/mocs_compilation.cpp.o[0m
[ 85%] [32mBuilding CXX object witmotion-uart-qt/CMakeFiles/witmotionctl-jy901.dir/include/witmotion/moc_jy901-uart.cpp.o[0m
[ 85%] [32mBuilding CXX object witmotion-uart-qt/CMakeFiles/witmotionctl-jy901.dir/src/jy901-control.cpp.o[0m
[ 86%] [32m[1mLinking CXX executable witmotionctl-wt31n[0m
[ 88%] Built target witmotionctl-wt31n
[ 89%] [32m[1mLinking CXX executable witmotionctl-wt901[0m
[ 91%] Built target witmotionctl-wt901
[ 92%] [32m[1mLinking CXX executable witmotionctl-jy901[0m
[ 92%] Built target witmotionctl-jy901
[ 94%] [32m[1mLinking CXX static library libwitmotion_ros.a[0m
[ 94%] Built target witmotion_ros
[ 95%] [34m[1mAutomatic MOC for target witmotion_ros_node[0m
[ 95%] Built target witmotion_ros_node_autogen
[ 98%] [32mBuilding CXX object CMakeFiles/witmotion_ros_node.dir/src/witmotion_ros_node.cpp.o[0m
[ 98%] [32mBuilding CXX object CMakeFiles/witmotion_ros_node.dir/witmotion_ros_node_autogen/mocs_compilation.cpp.o[0m
[100%] [32m[1mLinking CXX executable witmotion_ros_node[0m
[100%] Built target witmotion_ros_node
-- Install configuration: ""
-- Installing: /root/ros2_ws/install/witmotion_ros/share/witmotion_ros/environment/library_path.sh
-- Installing: /root/ros2_ws/install/witmotion_ros/share/witmotion_ros/environment/library_path.dsv
-- Installing: /root/ros2_ws/install/witmotion_ros/lib/libwitmotion-uart.so
-- Installing: /root/ros2_ws/install/witmotion_ros/lib/libwitmotion_ros.a
-- Installing: /root/ros2_ws/install/witmotion_ros/lib/witmotion_ros/witmotion_ros_node
-- Set runtime path of "/root/ros2_ws/install/witmotion_ros/lib/witmotion_ros/witmotion_ros_node" to ""
-- Installing: /root/ros2_ws/install/witmotion_ros/share/witmotion_ros/launch
-- Installing: /root/ros2_ws/install/witmotion_ros/share/witmotion_ros/launch/witmotion_launch.py
-- Installing: /root/ros2_ws/install/witmotion_ros/share/witmotion_ros/launch/wt905.launch.py
-- Installing: /root/ros2_ws/install/witmotion_ros/share/witmotion_ros/launch/wt31n_launch.py
-- Installing: /root/ros2_ws/install/witmotion_ros/share/witmotion_ros/launch/wt901.launch.py
-- Installing: /root/ros2_ws/install/witmotion_ros/share/witmotion_ros/launch/wt901_launch.py
-- Installing: /root/ros2_ws/install/witmotion_ros/share/witmotion_ros/launch/wt61c.launch.py
-- Installing: /root/ros2_ws/install/witmotion_ros/share/witmotion_ros/launch/wt61c_launch.py
-- Installing: /root/ros2_ws/install/witmotion_ros/share/witmotion_ros/launch/wt31n.launch.py
-- Installing: /root/ros2_ws/install/witmotion_ros/share/witmotion_ros/launch/__pycache__
-- Installing: /root/ros2_ws/install/witmotion_ros/share/witmotion_ros/launch/__pycache__/wt31n.cpython-310.pyc
-- Installing: /root/ros2_ws/install/witmotion_ros/share/witmotion_ros/launch/wt905_launch.py
-- Installing: /root/ros2_ws/install/witmotion_ros/share/witmotion_ros/launch/witmotion.launch.py
-- Installing: /root/ros2_ws/install/witmotion_ros/share/witmotion_ros/config
-- Installing: /root/ros2_ws/install/witmotion_ros/share/witmotion_ros/config/wt905.yml
-- Installing: /root/ros2_ws/install/witmotion_ros/share/witmotion_ros/config/wt31n.yml
-- Installing: /root/ros2_ws/install/witmotion_ros/share/witmotion_ros/config/wt901.yml
-- Installing: /root/ros2_ws/install/witmotion_ros/share/witmotion_ros/config/config.yml
-- Installing: /root/ros2_ws/install/witmotion_ros/share/witmotion_ros/config/wt61c.yml
-- Installing: /root/ros2_ws/install/witmotion_ros/share/ament_index/resource_index/package_run_dependencies/witmotion_ros
-- Installing: /root/ros2_ws/install/witmotion_ros/share/ament_index/resource_index/parent_prefix_path/witmotion_ros
-- Installing: /root/ros2_ws/install/witmotion_ros/share/witmotion_ros/environment/ament_prefix_path.sh
-- Installing: /root/ros2_ws/install/witmotion_ros/share/witmotion_ros/environment/ament_prefix_path.dsv
-- Installing: /root/ros2_ws/install/witmotion_ros/share/witmotion_ros/environment/path.sh
-- Installing: /root/ros2_ws/install/witmotion_ros/share/witmotion_ros/environment/path.dsv
-- Installing: /root/ros2_ws/install/witmotion_ros/share/witmotion_ros/local_setup.bash
-- Installing: /root/ros2_ws/install/witmotion_ros/share/witmotion_ros/local_setup.sh
-- Installing: /root/ros2_ws/install/witmotion_ros/share/witmotion_ros/local_setup.zsh
-- Installing: /root/ros2_ws/install/witmotion_ros/share/witmotion_ros/local_setup.dsv
-- Installing: /root/ros2_ws/install/witmotion_ros/share/witmotion_ros/package.dsv
-- Installing: /root/ros2_ws/install/witmotion_ros/share/ament_index/resource_index/packages/witmotion_ros
-- Installing: /root/ros2_ws/install/witmotion_ros/share/witmotion_ros/cmake/export_witmotion_rosExport.cmake
-- Installing: /root/ros2_ws/install/witmotion_ros/share/witmotion_ros/cmake/export_witmotion_rosExport-noconfig.cmake
-- Installing: /root/ros2_ws/install/witmotion_ros/share/witmotion_ros/cmake/export_witmotion-uartExport.cmake
-- Installing: /root/ros2_ws/install/witmotion_ros/share/witmotion_ros/cmake/export_witmotion-uartExport-noconfig.cmake
-- Installing: /root/ros2_ws/install/witmotion_ros/share/witmotion_ros/cmake/ament_cmake_export_dependencies-extras.cmake
-- Installing: /root/ros2_ws/install/witmotion_ros/share/witmotion_ros/cmake/ament_cmake_export_targets-extras.cmake
-- Installing: /root/ros2_ws/install/witmotion_ros/share/witmotion_ros/cmake/ament_cmake_export_include_directories-extras.cmake
-- Installing: /root/ros2_ws/install/witmotion_ros/share/witmotion_ros/cmake/ament_cmake_export_libraries-extras.cmake
-- Installing: /root/ros2_ws/install/witmotion_ros/share/witmotion_ros/cmake/witmotion_rosConfig.cmake
-- Installing: /root/ros2_ws/install/witmotion_ros/share/witmotion_ros/cmake/witmotion_rosConfig-version.cmake
-- Installing: /root/ros2_ws/install/witmotion_ros/share/witmotion_ros/package.xml
