[0.062s] Invoking command in '/root/ros2_ws/build/witmotion_ros': CMAKE_PREFIX_PATH=/opt/ros/humble /usr/bin/cmake /root/ros2_ws/src/witmotion_IMU_ros -DCMAKE_INSTALL_PREFIX=/root/ros2_ws/install/witmotion_ros
[1.410s] -- The C compiler identification is GNU 11.4.0
[1.410s] -- The CXX compiler identification is GNU 11.4.0
[1.410s] -- Detecting C compiler ABI info
[1.410s] -- Detecting C compiler ABI info - done
[1.410s] -- Check for working C compiler: /usr/bin/cc - skipped
[1.410s] -- Detecting C compile features
[1.411s] -- Detecting C compile features - done
[1.417s] -- Detecting CXX compiler ABI info
[1.418s] -- Detecting CXX compiler ABI info - done
[1.418s] -- Check for working CXX compiler: /usr/bin/c++ - skipped
[1.420s] -- Detecting CXX compile features
[1.420s] -- Detecting CXX compile features - done
[1.420s] -- Building version 1.2.28~dev_
[1.420s] -- Looking for inttypes.h
[1.421s] -- Looking for inttypes.h - found
[1.421s] -- Could NOT find Doxygen (missing: DOXYGEN_EXECUTABLE) 
[1.421s] -- Unable to found Doxygen. The documentation for witmotion-uart-qt will not be built
[1.421s] -- Found ament_cmake: 1.3.12 (/opt/ros/humble/share/ament_cmake/cmake)
[1.421s] -- Found Python3: /usr/bin/python3 (found version "3.10.12") found components: Interpreter 
[1.422s] -- Found tf2: 0.25.16 (/opt/ros/humble/share/tf2/cmake)
[1.422s] fatal: not a git repository: /root/ros2_ws/src/witmotion_IMU_ros/witmotion-uart-qt/../../../../../.git/modules/src/mini_rover_code/modules/src/witmotion_IMU_ros/modules/witmotion-uart-qt
[1.489s] -- Found rosidl_generator_c: 3.1.7 (/opt/ros/humble/share/rosidl_generator_c/cmake)
[1.509s] -- Found rosidl_adapter: 3.1.7 (/opt/ros/humble/share/rosidl_adapter/cmake)
[1.529s] -- Found rosidl_generator_cpp: 3.1.7 (/opt/ros/humble/share/rosidl_generator_cpp/cmake)
[1.553s] -- Using all available rosidl_typesupport_c: rosidl_typesupport_fastrtps_c;rosidl_typesupport_introspection_c
[1.590s] -- Using all available rosidl_typesupport_cpp: rosidl_typesupport_fastrtps_cpp;rosidl_typesupport_introspection_cpp
[1.668s] -- Found tf2_geometry_msgs: 0.25.16 (/opt/ros/humble/share/tf2_geometry_msgs/cmake)
[1.692s] -- Found eigen3_cmake_module: 0.1.1 (/opt/ros/humble/share/eigen3_cmake_module/cmake)
[1.694s] -- Found Eigen3: TRUE (found version "3.4.0") 
[1.695s] -- Ensuring Eigen3 include directory is part of orocos-kdl CMake target
[1.809s] -- Found rmw_implementation_cmake: 6.1.2 (/opt/ros/humble/share/rmw_implementation_cmake/cmake)
[1.815s] -- Found rmw_fastrtps_cpp: 6.2.8 (/opt/ros/humble/share/rmw_fastrtps_cpp/cmake)
[1.943s] -- Found OpenSSL: /usr/lib/x86_64-linux-gnu/libcrypto.so (found version "3.0.2")  
[1.988s] -- Found FastRTPS: /opt/ros/humble/include  
[2.062s] -- Using RMW implementation 'rmw_fastrtps_cpp' as default
[2.079s] -- Looking for pthread.h
[2.168s] -- Looking for pthread.h - found
[2.169s] -- Performing Test CMAKE_HAVE_LIBC_PTHREAD
[2.260s] -- Performing Test CMAKE_HAVE_LIBC_PTHREAD - Success
[2.261s] -- Found Threads: TRUE  
[2.453s] -- Found std_srvs: 4.9.0 (/opt/ros/humble/share/std_srvs/cmake)
[2.475s] -- Found sensor_msgs: 4.9.0 (/opt/ros/humble/share/sensor_msgs/cmake)
[2.527s] -- Found nav_msgs: 4.9.0 (/opt/ros/humble/share/nav_msgs/cmake)
[2.574s] -- Found rclcpp_lifecycle: 16.0.14 (/opt/ros/humble/share/rclcpp_lifecycle/cmake)
[2.686s] [33mCMake Warning at CMakeLists.txt:56 (message):
[2.686s]   tf2_geometry_msgs include dir:
[2.686s]   /opt/ros/humble/include/tf2_geometry_msgs;/opt/ros/humble/include/geometry_msgs;/usr/include/eigen3;/opt/ros/humble/include/tf2;/opt/ros/humble/include/tf2_ros
[2.687s] 
[2.687s] [0m
[27.797s] -- Found ament_lint_auto: 0.12.14 (/opt/ros/humble/share/ament_lint_auto/cmake)
[27.908s] -- Added test 'cppcheck' to perform static code analysis on C / C++ code
[27.913s] -- Configured cppcheck include dirs: /root/ros2_ws/src/witmotion_IMU_ros/include;/root/ros2_ws/src/witmotion_IMU_ros/witmotion-uart-qt/include
[27.913s] -- Configured cppcheck exclude dirs and/or files: 
[27.915s] -- Added test 'flake8' to check Python code syntax and style conventions
[27.917s] -- Added test 'lint_cmake' to check CMake code style
[27.918s] -- Added test 'pep257' to check Python code against some of the docstring style conventions in PEP 257
[27.924s] -- Added test 'uncrustify' to check C / C++ code style
[27.924s] -- Configured uncrustify additional arguments: 
[27.925s] -- Added test 'xmllint' to check XML markup files
[27.929s] -- Configuring done
[28.724s] -- Generating done
[28.752s] -- Build files have been written to: /root/ros2_ws/build/witmotion_ros
