[0.156s] DEBUG:colcon:Command line arguments: ['/usr/bin/colcon', 'build']
[0.156s] DEBUG:colcon:Parsed command line arguments: Namespace(log_base=None, log_level=None, verb_name='build', build_base='build', install_base='install', merge_install=False, symlink_install=False, test_result_base=None, continue_on_error=False, executor='parallel', parallel_workers=8, event_handlers=None, ignore_user_meta=False, metas=['./colcon.meta'], base_paths=['.'], packages_ignore=None, packages_ignore_regex=None, paths=None, packages_up_to=None, packages_up_to_regex=None, packages_above=None, packages_above_and_dependencies=None, packages_above_depth=None, packages_select_by_dep=None, packages_skip_by_dep=None, packages_skip_up_to=None, packages_select_build_failed=False, packages_skip_build_finished=False, packages_select_test_failures=False, packages_skip_test_passed=False, packages_select=None, packages_skip=None, packages_select_regex=None, packages_skip_regex=None, packages_start=None, packages_end=None, cmake_args=None, cmake_target=None, cmake_target_skip_unavailable=False, cmake_clean_cache=False, cmake_clean_first=False, cmake_force_configure=False, ament_cmake_args=None, catkin_cmake_args=None, catkin_skip_building_tests=False, mixin_files=None, mixin=None, verb_parser=<colcon_mixin.mixin.mixin_argument.MixinArgumentDecorator object at 0x76c797ef77f0>, verb_extension=<colcon_core.verb.build.BuildVerb object at 0x76c797ef6fe0>, main=<bound method BuildVerb.main of <colcon_core.verb.build.BuildVerb object at 0x76c797ef6fe0>>, mixin_verb=('build',))
[0.356s] Level 1:colcon.colcon_core.package_discovery:discover_packages(colcon_meta) check parameters
[0.357s] INFO:colcon.colcon_metadata.package_discovery.colcon_meta:Using configuration from '/root/.colcon/metadata/default/Gazebo.meta'
[0.358s] INFO:colcon.colcon_metadata.package_discovery.colcon_meta:Using configuration from '/root/.colcon/metadata/default/fastdds.meta'
[0.358s] INFO:colcon.colcon_metadata.package_discovery.colcon_meta:Using configuration from '/root/.colcon/metadata/default/fastrtps.meta'
[0.358s] Level 1:colcon.colcon_core.package_discovery:discover_packages(recursive) check parameters
[0.359s] Level 1:colcon.colcon_core.package_discovery:discover_packages(ignore) check parameters
[0.359s] Level 1:colcon.colcon_core.package_discovery:discover_packages(path) check parameters
[0.359s] Level 1:colcon.colcon_core.package_discovery:discover_packages(colcon_meta) discover
[0.359s] Level 1:colcon.colcon_core.package_discovery:discover_packages(recursive) discover
[0.359s] INFO:colcon.colcon_core.package_discovery:Crawling recursively for packages in '/root/ros2_ws'
[0.359s] Level 1:colcon.colcon_core.package_identification:_identify(.) by extensions ['ignore', 'ignore_ament_install']
[0.359s] Level 1:colcon.colcon_core.package_identification:_identify(.) by extension 'ignore'
[0.359s] Level 1:colcon.colcon_core.package_identification:_identify(.) by extension 'ignore_ament_install'
[0.359s] Level 1:colcon.colcon_core.package_identification:_identify(.) by extensions ['colcon_pkg']
[0.359s] Level 1:colcon.colcon_core.package_identification:_identify(.) by extension 'colcon_pkg'
[0.359s] Level 1:colcon.colcon_core.package_identification:_identify(.) by extensions ['colcon_meta']
[0.359s] Level 1:colcon.colcon_core.package_identification:_identify(.) by extension 'colcon_meta'
[0.359s] Level 1:colcon.colcon_core.package_identification:_identify(.) by extensions ['ros']
[0.359s] Level 1:colcon.colcon_core.package_identification:_identify(.) by extension 'ros'
[0.372s] Level 1:colcon.colcon_core.package_identification:_identify(.) by extensions ['cmake', 'python']
[0.372s] Level 1:colcon.colcon_core.package_identification:_identify(.) by extension 'cmake'
[0.372s] Level 1:colcon.colcon_core.package_identification:_identify(.) by extension 'python'
[0.372s] Level 1:colcon.colcon_core.package_identification:_identify(.) by extensions ['python_setup_py']
[0.372s] Level 1:colcon.colcon_core.package_identification:_identify(.) by extension 'python_setup_py'
[0.372s] Level 1:colcon.colcon_core.package_identification:_identify(CADdraws) by extensions ['ignore', 'ignore_ament_install']
[0.372s] Level 1:colcon.colcon_core.package_identification:_identify(CADdraws) by extension 'ignore'
[0.372s] Level 1:colcon.colcon_core.package_identification:_identify(CADdraws) by extension 'ignore_ament_install'
[0.372s] Level 1:colcon.colcon_core.package_identification:_identify(CADdraws) by extensions ['colcon_pkg']
[0.372s] Level 1:colcon.colcon_core.package_identification:_identify(CADdraws) by extension 'colcon_pkg'
[0.373s] Level 1:colcon.colcon_core.package_identification:_identify(CADdraws) by extensions ['colcon_meta']
[0.373s] Level 1:colcon.colcon_core.package_identification:_identify(CADdraws) by extension 'colcon_meta'
[0.373s] Level 1:colcon.colcon_core.package_identification:_identify(CADdraws) by extensions ['ros']
[0.373s] Level 1:colcon.colcon_core.package_identification:_identify(CADdraws) by extension 'ros'
[0.373s] Level 1:colcon.colcon_core.package_identification:_identify(CADdraws) by extensions ['cmake', 'python']
[0.373s] Level 1:colcon.colcon_core.package_identification:_identify(CADdraws) by extension 'cmake'
[0.373s] Level 1:colcon.colcon_core.package_identification:_identify(CADdraws) by extension 'python'
[0.373s] Level 1:colcon.colcon_core.package_identification:_identify(CADdraws) by extensions ['python_setup_py']
[0.373s] Level 1:colcon.colcon_core.package_identification:_identify(CADdraws) by extension 'python_setup_py'
[0.373s] Level 1:colcon.colcon_core.package_identification:_identify(CADdraws/imu_folder) by extensions ['ignore', 'ignore_ament_install']
[0.373s] Level 1:colcon.colcon_core.package_identification:_identify(CADdraws/imu_folder) by extension 'ignore'
[0.373s] Level 1:colcon.colcon_core.package_identification:_identify(CADdraws/imu_folder) by extension 'ignore_ament_install'
[0.373s] Level 1:colcon.colcon_core.package_identification:_identify(CADdraws/imu_folder) by extensions ['colcon_pkg']
[0.373s] Level 1:colcon.colcon_core.package_identification:_identify(CADdraws/imu_folder) by extension 'colcon_pkg'
[0.373s] Level 1:colcon.colcon_core.package_identification:_identify(CADdraws/imu_folder) by extensions ['colcon_meta']
[0.373s] Level 1:colcon.colcon_core.package_identification:_identify(CADdraws/imu_folder) by extension 'colcon_meta'
[0.373s] Level 1:colcon.colcon_core.package_identification:_identify(CADdraws/imu_folder) by extensions ['ros']
[0.373s] Level 1:colcon.colcon_core.package_identification:_identify(CADdraws/imu_folder) by extension 'ros'
[0.374s] Level 1:colcon.colcon_core.package_identification:_identify(CADdraws/imu_folder) by extensions ['cmake', 'python']
[0.374s] Level 1:colcon.colcon_core.package_identification:_identify(CADdraws/imu_folder) by extension 'cmake'
[0.374s] Level 1:colcon.colcon_core.package_identification:_identify(CADdraws/imu_folder) by extension 'python'
[0.374s] Level 1:colcon.colcon_core.package_identification:_identify(CADdraws/imu_folder) by extensions ['python_setup_py']
[0.374s] Level 1:colcon.colcon_core.package_identification:_identify(CADdraws/imu_folder) by extension 'python_setup_py'
[0.374s] Level 1:colcon.colcon_core.package_identification:_identify(CADdraws/robotSupport) by extensions ['ignore', 'ignore_ament_install']
[0.374s] Level 1:colcon.colcon_core.package_identification:_identify(CADdraws/robotSupport) by extension 'ignore'
[0.374s] Level 1:colcon.colcon_core.package_identification:_identify(CADdraws/robotSupport) by extension 'ignore_ament_install'
[0.374s] Level 1:colcon.colcon_core.package_identification:_identify(CADdraws/robotSupport) by extensions ['colcon_pkg']
[0.374s] Level 1:colcon.colcon_core.package_identification:_identify(CADdraws/robotSupport) by extension 'colcon_pkg'
[0.374s] Level 1:colcon.colcon_core.package_identification:_identify(CADdraws/robotSupport) by extensions ['colcon_meta']
[0.374s] Level 1:colcon.colcon_core.package_identification:_identify(CADdraws/robotSupport) by extension 'colcon_meta'
[0.374s] Level 1:colcon.colcon_core.package_identification:_identify(CADdraws/robotSupport) by extensions ['ros']
[0.374s] Level 1:colcon.colcon_core.package_identification:_identify(CADdraws/robotSupport) by extension 'ros'
[0.374s] Level 1:colcon.colcon_core.package_identification:_identify(CADdraws/robotSupport) by extensions ['cmake', 'python']
[0.374s] Level 1:colcon.colcon_core.package_identification:_identify(CADdraws/robotSupport) by extension 'cmake'
[0.374s] Level 1:colcon.colcon_core.package_identification:_identify(CADdraws/robotSupport) by extension 'python'
[0.374s] Level 1:colcon.colcon_core.package_identification:_identify(CADdraws/robotSupport) by extensions ['python_setup_py']
[0.375s] Level 1:colcon.colcon_core.package_identification:_identify(CADdraws/robotSupport) by extension 'python_setup_py'
[0.375s] Level 1:colcon.colcon_core.package_identification:_identify(build) by extensions ['ignore', 'ignore_ament_install']
[0.375s] Level 1:colcon.colcon_core.package_identification:_identify(build) by extension 'ignore'
[0.375s] Level 1:colcon.colcon_core.package_identification:_identify(build) ignored
[0.375s] Level 1:colcon.colcon_core.package_identification:_identify(install) by extensions ['ignore', 'ignore_ament_install']
[0.375s] Level 1:colcon.colcon_core.package_identification:_identify(install) by extension 'ignore'
[0.375s] Level 1:colcon.colcon_core.package_identification:_identify(install) ignored
[0.375s] Level 1:colcon.colcon_core.package_identification:_identify(log) by extensions ['ignore', 'ignore_ament_install']
[0.375s] Level 1:colcon.colcon_core.package_identification:_identify(log) by extension 'ignore'
[0.375s] Level 1:colcon.colcon_core.package_identification:_identify(log) ignored
[0.375s] Level 1:colcon.colcon_core.package_identification:_identify(rosbag) by extensions ['ignore', 'ignore_ament_install']
[0.375s] Level 1:colcon.colcon_core.package_identification:_identify(rosbag) by extension 'ignore'
[0.375s] Level 1:colcon.colcon_core.package_identification:_identify(rosbag) by extension 'ignore_ament_install'
[0.376s] Level 1:colcon.colcon_core.package_identification:_identify(rosbag) by extensions ['colcon_pkg']
[0.376s] Level 1:colcon.colcon_core.package_identification:_identify(rosbag) by extension 'colcon_pkg'
[0.376s] Level 1:colcon.colcon_core.package_identification:_identify(rosbag) by extensions ['colcon_meta']
[0.376s] Level 1:colcon.colcon_core.package_identification:_identify(rosbag) by extension 'colcon_meta'
[0.376s] Level 1:colcon.colcon_core.package_identification:_identify(rosbag) by extensions ['ros']
[0.376s] Level 1:colcon.colcon_core.package_identification:_identify(rosbag) by extension 'ros'
[0.376s] Level 1:colcon.colcon_core.package_identification:_identify(rosbag) by extensions ['cmake', 'python']
[0.376s] Level 1:colcon.colcon_core.package_identification:_identify(rosbag) by extension 'cmake'
[0.376s] Level 1:colcon.colcon_core.package_identification:_identify(rosbag) by extension 'python'
[0.376s] Level 1:colcon.colcon_core.package_identification:_identify(rosbag) by extensions ['python_setup_py']
[0.376s] Level 1:colcon.colcon_core.package_identification:_identify(rosbag) by extension 'python_setup_py'
[0.376s] Level 1:colcon.colcon_core.package_identification:_identify(rover_install_scripts_ros2) by extensions ['ignore', 'ignore_ament_install']
[0.376s] Level 1:colcon.colcon_core.package_identification:_identify(rover_install_scripts_ros2) by extension 'ignore'
[0.376s] Level 1:colcon.colcon_core.package_identification:_identify(rover_install_scripts_ros2) by extension 'ignore_ament_install'
[0.376s] Level 1:colcon.colcon_core.package_identification:_identify(rover_install_scripts_ros2) by extensions ['colcon_pkg']
[0.376s] Level 1:colcon.colcon_core.package_identification:_identify(rover_install_scripts_ros2) by extension 'colcon_pkg'
[0.376s] Level 1:colcon.colcon_core.package_identification:_identify(rover_install_scripts_ros2) by extensions ['colcon_meta']
[0.376s] Level 1:colcon.colcon_core.package_identification:_identify(rover_install_scripts_ros2) by extension 'colcon_meta'
[0.376s] Level 1:colcon.colcon_core.package_identification:_identify(rover_install_scripts_ros2) by extensions ['ros']
[0.377s] Level 1:colcon.colcon_core.package_identification:_identify(rover_install_scripts_ros2) by extension 'ros'
[0.377s] Level 1:colcon.colcon_core.package_identification:_identify(rover_install_scripts_ros2) by extensions ['cmake', 'python']
[0.377s] Level 1:colcon.colcon_core.package_identification:_identify(rover_install_scripts_ros2) by extension 'cmake'
[0.377s] Level 1:colcon.colcon_core.package_identification:_identify(rover_install_scripts_ros2) by extension 'python'
[0.377s] Level 1:colcon.colcon_core.package_identification:_identify(rover_install_scripts_ros2) by extensions ['python_setup_py']
[0.377s] Level 1:colcon.colcon_core.package_identification:_identify(rover_install_scripts_ros2) by extension 'python_setup_py'
[0.377s] Level 1:colcon.colcon_core.package_identification:_identify(rover_install_scripts_ros2/udev) by extensions ['ignore', 'ignore_ament_install']
[0.377s] Level 1:colcon.colcon_core.package_identification:_identify(rover_install_scripts_ros2/udev) by extension 'ignore'
[0.377s] Level 1:colcon.colcon_core.package_identification:_identify(rover_install_scripts_ros2/udev) by extension 'ignore_ament_install'
[0.377s] Level 1:colcon.colcon_core.package_identification:_identify(rover_install_scripts_ros2/udev) by extensions ['colcon_pkg']
[0.377s] Level 1:colcon.colcon_core.package_identification:_identify(rover_install_scripts_ros2/udev) by extension 'colcon_pkg'
[0.377s] Level 1:colcon.colcon_core.package_identification:_identify(rover_install_scripts_ros2/udev) by extensions ['colcon_meta']
[0.377s] Level 1:colcon.colcon_core.package_identification:_identify(rover_install_scripts_ros2/udev) by extension 'colcon_meta'
[0.377s] Level 1:colcon.colcon_core.package_identification:_identify(rover_install_scripts_ros2/udev) by extensions ['ros']
[0.377s] Level 1:colcon.colcon_core.package_identification:_identify(rover_install_scripts_ros2/udev) by extension 'ros'
[0.377s] Level 1:colcon.colcon_core.package_identification:_identify(rover_install_scripts_ros2/udev) by extensions ['cmake', 'python']
[0.377s] Level 1:colcon.colcon_core.package_identification:_identify(rover_install_scripts_ros2/udev) by extension 'cmake'
[0.377s] Level 1:colcon.colcon_core.package_identification:_identify(rover_install_scripts_ros2/udev) by extension 'python'
[0.378s] Level 1:colcon.colcon_core.package_identification:_identify(rover_install_scripts_ros2/udev) by extensions ['python_setup_py']
[0.378s] Level 1:colcon.colcon_core.package_identification:_identify(rover_install_scripts_ros2/udev) by extension 'python_setup_py'
[0.378s] Level 1:colcon.colcon_core.package_identification:_identify(src) by extensions ['ignore', 'ignore_ament_install']
[0.378s] Level 1:colcon.colcon_core.package_identification:_identify(src) by extension 'ignore'
[0.378s] Level 1:colcon.colcon_core.package_identification:_identify(src) by extension 'ignore_ament_install'
[0.378s] Level 1:colcon.colcon_core.package_identification:_identify(src) by extensions ['colcon_pkg']
[0.378s] Level 1:colcon.colcon_core.package_identification:_identify(src) by extension 'colcon_pkg'
[0.378s] Level 1:colcon.colcon_core.package_identification:_identify(src) by extensions ['colcon_meta']
[0.378s] Level 1:colcon.colcon_core.package_identification:_identify(src) by extension 'colcon_meta'
[0.378s] Level 1:colcon.colcon_core.package_identification:_identify(src) by extensions ['ros']
[0.378s] Level 1:colcon.colcon_core.package_identification:_identify(src) by extension 'ros'
[0.378s] Level 1:colcon.colcon_core.package_identification:_identify(src) by extensions ['cmake', 'python']
[0.378s] Level 1:colcon.colcon_core.package_identification:_identify(src) by extension 'cmake'
[0.378s] Level 1:colcon.colcon_core.package_identification:_identify(src) by extension 'python'
[0.379s] Level 1:colcon.colcon_core.package_identification:_identify(src) by extensions ['python_setup_py']
[0.379s] Level 1:colcon.colcon_core.package_identification:_identify(src) by extension 'python_setup_py'
[0.379s] Level 1:colcon.colcon_core.package_identification:_identify(src/mini_launchpad) by extensions ['ignore', 'ignore_ament_install']
[0.379s] Level 1:colcon.colcon_core.package_identification:_identify(src/mini_launchpad) by extension 'ignore'
[0.379s] Level 1:colcon.colcon_core.package_identification:_identify(src/mini_launchpad) by extension 'ignore_ament_install'
[0.379s] Level 1:colcon.colcon_core.package_identification:_identify(src/mini_launchpad) by extensions ['colcon_pkg']
[0.379s] Level 1:colcon.colcon_core.package_identification:_identify(src/mini_launchpad) by extension 'colcon_pkg'
[0.379s] Level 1:colcon.colcon_core.package_identification:_identify(src/mini_launchpad) by extensions ['colcon_meta']
[0.379s] Level 1:colcon.colcon_core.package_identification:_identify(src/mini_launchpad) by extension 'colcon_meta'
[0.379s] Level 1:colcon.colcon_core.package_identification:_identify(src/mini_launchpad) by extensions ['ros']
[0.379s] Level 1:colcon.colcon_core.package_identification:_identify(src/mini_launchpad) by extension 'ros'
[0.383s] DEBUG:colcon.colcon_core.package_identification:Package 'src/mini_launchpad' with type 'ros.ament_cmake' and name 'mini_launchpad'
[0.383s] Level 1:colcon.colcon_core.package_identification:_identify(src/mini_rover_driver) by extensions ['ignore', 'ignore_ament_install']
[0.383s] Level 1:colcon.colcon_core.package_identification:_identify(src/mini_rover_driver) by extension 'ignore'
[0.383s] Level 1:colcon.colcon_core.package_identification:_identify(src/mini_rover_driver) by extension 'ignore_ament_install'
[0.383s] Level 1:colcon.colcon_core.package_identification:_identify(src/mini_rover_driver) by extensions ['colcon_pkg']
[0.383s] Level 1:colcon.colcon_core.package_identification:_identify(src/mini_rover_driver) by extension 'colcon_pkg'
[0.383s] Level 1:colcon.colcon_core.package_identification:_identify(src/mini_rover_driver) by extensions ['colcon_meta']
[0.383s] Level 1:colcon.colcon_core.package_identification:_identify(src/mini_rover_driver) by extension 'colcon_meta'
[0.383s] Level 1:colcon.colcon_core.package_identification:_identify(src/mini_rover_driver) by extensions ['ros']
[0.383s] Level 1:colcon.colcon_core.package_identification:_identify(src/mini_rover_driver) by extension 'ros'
[0.384s] Level 1:colcon.colcon_core.package_identification:_identify(src/mini_rover_driver) by extensions ['cmake', 'python']
[0.384s] Level 1:colcon.colcon_core.package_identification:_identify(src/mini_rover_driver) by extension 'cmake'
[0.384s] Level 1:colcon.colcon_core.package_identification:_identify(src/mini_rover_driver) by extension 'python'
[0.384s] Level 1:colcon.colcon_core.package_identification:_identify(src/mini_rover_driver) by extensions ['python_setup_py']
[0.384s] Level 1:colcon.colcon_core.package_identification:_identify(src/mini_rover_driver) by extension 'python_setup_py'
[0.384s] Level 1:colcon.colcon_core.package_identification:_identify(src/mini_rover_launchpad) by extensions ['ignore', 'ignore_ament_install']
[0.384s] Level 1:colcon.colcon_core.package_identification:_identify(src/mini_rover_launchpad) by extension 'ignore'
[0.384s] Level 1:colcon.colcon_core.package_identification:_identify(src/mini_rover_launchpad) by extension 'ignore_ament_install'
[0.384s] Level 1:colcon.colcon_core.package_identification:_identify(src/mini_rover_launchpad) by extensions ['colcon_pkg']
[0.384s] Level 1:colcon.colcon_core.package_identification:_identify(src/mini_rover_launchpad) by extension 'colcon_pkg'
[0.384s] Level 1:colcon.colcon_core.package_identification:_identify(src/mini_rover_launchpad) by extensions ['colcon_meta']
[0.384s] Level 1:colcon.colcon_core.package_identification:_identify(src/mini_rover_launchpad) by extension 'colcon_meta'
[0.384s] Level 1:colcon.colcon_core.package_identification:_identify(src/mini_rover_launchpad) by extensions ['ros']
[0.385s] Level 1:colcon.colcon_core.package_identification:_identify(src/mini_rover_launchpad) by extension 'ros'
[0.385s] Level 1:colcon.colcon_core.package_identification:_identify(src/mini_rover_launchpad) by extensions ['cmake', 'python']
[0.385s] Level 1:colcon.colcon_core.package_identification:_identify(src/mini_rover_launchpad) by extension 'cmake'
[0.385s] Level 1:colcon.colcon_core.package_identification:_identify(src/mini_rover_launchpad) by extension 'python'
[0.385s] Level 1:colcon.colcon_core.package_identification:_identify(src/mini_rover_launchpad) by extensions ['python_setup_py']
[0.385s] Level 1:colcon.colcon_core.package_identification:_identify(src/mini_rover_launchpad) by extension 'python_setup_py'
[0.385s] Level 1:colcon.colcon_core.package_identification:_identify(src/mini_rover_simulation) by extensions ['ignore', 'ignore_ament_install']
[0.385s] Level 1:colcon.colcon_core.package_identification:_identify(src/mini_rover_simulation) by extension 'ignore'
[0.385s] Level 1:colcon.colcon_core.package_identification:_identify(src/mini_rover_simulation) by extension 'ignore_ament_install'
[0.385s] Level 1:colcon.colcon_core.package_identification:_identify(src/mini_rover_simulation) by extensions ['colcon_pkg']
[0.385s] Level 1:colcon.colcon_core.package_identification:_identify(src/mini_rover_simulation) by extension 'colcon_pkg'
[0.385s] Level 1:colcon.colcon_core.package_identification:_identify(src/mini_rover_simulation) by extensions ['colcon_meta']
[0.385s] Level 1:colcon.colcon_core.package_identification:_identify(src/mini_rover_simulation) by extension 'colcon_meta'
[0.385s] Level 1:colcon.colcon_core.package_identification:_identify(src/mini_rover_simulation) by extensions ['ros']
[0.385s] Level 1:colcon.colcon_core.package_identification:_identify(src/mini_rover_simulation) by extension 'ros'
[0.385s] Level 1:colcon.colcon_core.package_identification:_identify(src/mini_rover_simulation) by extensions ['cmake', 'python']
[0.385s] Level 1:colcon.colcon_core.package_identification:_identify(src/mini_rover_simulation) by extension 'cmake'
[0.386s] Level 1:colcon.colcon_core.package_identification:_identify(src/mini_rover_simulation) by extension 'python'
[0.386s] Level 1:colcon.colcon_core.package_identification:_identify(src/mini_rover_simulation) by extensions ['python_setup_py']
[0.386s] Level 1:colcon.colcon_core.package_identification:_identify(src/mini_rover_simulation) by extension 'python_setup_py'
[0.386s] Level 1:colcon.colcon_core.package_identification:_identify(src/mini_simulation) by extensions ['ignore', 'ignore_ament_install']
[0.386s] Level 1:colcon.colcon_core.package_identification:_identify(src/mini_simulation) by extension 'ignore'
[0.386s] Level 1:colcon.colcon_core.package_identification:_identify(src/mini_simulation) by extension 'ignore_ament_install'
[0.386s] Level 1:colcon.colcon_core.package_identification:_identify(src/mini_simulation) by extensions ['colcon_pkg']
[0.386s] Level 1:colcon.colcon_core.package_identification:_identify(src/mini_simulation) by extension 'colcon_pkg'
[0.386s] Level 1:colcon.colcon_core.package_identification:_identify(src/mini_simulation) by extensions ['colcon_meta']
[0.386s] Level 1:colcon.colcon_core.package_identification:_identify(src/mini_simulation) by extension 'colcon_meta'
[0.386s] Level 1:colcon.colcon_core.package_identification:_identify(src/mini_simulation) by extensions ['ros']
[0.386s] Level 1:colcon.colcon_core.package_identification:_identify(src/mini_simulation) by extension 'ros'
[0.388s] DEBUG:colcon.colcon_core.package_identification:Package 'src/mini_simulation' with type 'ros.ament_cmake' and name 'mini_simulation'
[0.388s] Level 1:colcon.colcon_core.package_identification:_identify(src/roverrobotics_ros2) by extensions ['ignore', 'ignore_ament_install']
[0.388s] Level 1:colcon.colcon_core.package_identification:_identify(src/roverrobotics_ros2) by extension 'ignore'
[0.389s] Level 1:colcon.colcon_core.package_identification:_identify(src/roverrobotics_ros2) by extension 'ignore_ament_install'
[0.389s] Level 1:colcon.colcon_core.package_identification:_identify(src/roverrobotics_ros2) by extensions ['colcon_pkg']
[0.389s] Level 1:colcon.colcon_core.package_identification:_identify(src/roverrobotics_ros2) by extension 'colcon_pkg'
[0.389s] Level 1:colcon.colcon_core.package_identification:_identify(src/roverrobotics_ros2) by extensions ['colcon_meta']
[0.389s] Level 1:colcon.colcon_core.package_identification:_identify(src/roverrobotics_ros2) by extension 'colcon_meta'
[0.389s] Level 1:colcon.colcon_core.package_identification:_identify(src/roverrobotics_ros2) by extensions ['ros']
[0.389s] Level 1:colcon.colcon_core.package_identification:_identify(src/roverrobotics_ros2) by extension 'ros'
[0.389s] Level 1:colcon.colcon_core.package_identification:_identify(src/roverrobotics_ros2) by extensions ['cmake', 'python']
[0.389s] Level 1:colcon.colcon_core.package_identification:_identify(src/roverrobotics_ros2) by extension 'cmake'
[0.389s] Level 1:colcon.colcon_core.package_identification:_identify(src/roverrobotics_ros2) by extension 'python'
[0.389s] Level 1:colcon.colcon_core.package_identification:_identify(src/roverrobotics_ros2) by extensions ['python_setup_py']
[0.389s] Level 1:colcon.colcon_core.package_identification:_identify(src/roverrobotics_ros2) by extension 'python_setup_py'
[0.389s] Level 1:colcon.colcon_core.package_identification:_identify(src/roverrobotics_ros2/roverrobotics_description) by extensions ['ignore', 'ignore_ament_install']
[0.389s] Level 1:colcon.colcon_core.package_identification:_identify(src/roverrobotics_ros2/roverrobotics_description) by extension 'ignore'
[0.389s] Level 1:colcon.colcon_core.package_identification:_identify(src/roverrobotics_ros2/roverrobotics_description) by extension 'ignore_ament_install'
[0.390s] Level 1:colcon.colcon_core.package_identification:_identify(src/roverrobotics_ros2/roverrobotics_description) by extensions ['colcon_pkg']
[0.390s] Level 1:colcon.colcon_core.package_identification:_identify(src/roverrobotics_ros2/roverrobotics_description) by extension 'colcon_pkg'
[0.390s] Level 1:colcon.colcon_core.package_identification:_identify(src/roverrobotics_ros2/roverrobotics_description) by extensions ['colcon_meta']
[0.390s] Level 1:colcon.colcon_core.package_identification:_identify(src/roverrobotics_ros2/roverrobotics_description) by extension 'colcon_meta'
[0.390s] Level 1:colcon.colcon_core.package_identification:_identify(src/roverrobotics_ros2/roverrobotics_description) by extensions ['ros']
[0.390s] Level 1:colcon.colcon_core.package_identification:_identify(src/roverrobotics_ros2/roverrobotics_description) by extension 'ros'
[0.390s] DEBUG:colcon.colcon_core.package_identification:Package 'src/roverrobotics_ros2/roverrobotics_description' with type 'ros.ament_cmake' and name 'roverrobotics_description'
[0.391s] Level 1:colcon.colcon_core.package_identification:_identify(src/roverrobotics_ros2/roverrobotics_driver) by extensions ['ignore', 'ignore_ament_install']
[0.391s] Level 1:colcon.colcon_core.package_identification:_identify(src/roverrobotics_ros2/roverrobotics_driver) by extension 'ignore'
[0.391s] Level 1:colcon.colcon_core.package_identification:_identify(src/roverrobotics_ros2/roverrobotics_driver) by extension 'ignore_ament_install'
[0.391s] Level 1:colcon.colcon_core.package_identification:_identify(src/roverrobotics_ros2/roverrobotics_driver) by extensions ['colcon_pkg']
[0.391s] Level 1:colcon.colcon_core.package_identification:_identify(src/roverrobotics_ros2/roverrobotics_driver) by extension 'colcon_pkg'
[0.391s] Level 1:colcon.colcon_core.package_identification:_identify(src/roverrobotics_ros2/roverrobotics_driver) by extensions ['colcon_meta']
[0.391s] Level 1:colcon.colcon_core.package_identification:_identify(src/roverrobotics_ros2/roverrobotics_driver) by extension 'colcon_meta'
[0.391s] Level 1:colcon.colcon_core.package_identification:_identify(src/roverrobotics_ros2/roverrobotics_driver) by extensions ['ros']
[0.391s] Level 1:colcon.colcon_core.package_identification:_identify(src/roverrobotics_ros2/roverrobotics_driver) by extension 'ros'
[0.392s] DEBUG:colcon.colcon_core.package_identification:Package 'src/roverrobotics_ros2/roverrobotics_driver' with type 'ros.ament_cmake' and name 'roverrobotics_driver'
[0.392s] Level 1:colcon.colcon_core.package_identification:_identify(src/roverrobotics_ros2/roverrobotics_gazebo) by extensions ['ignore', 'ignore_ament_install']
[0.392s] Level 1:colcon.colcon_core.package_identification:_identify(src/roverrobotics_ros2/roverrobotics_gazebo) by extension 'ignore'
[0.392s] Level 1:colcon.colcon_core.package_identification:_identify(src/roverrobotics_ros2/roverrobotics_gazebo) by extension 'ignore_ament_install'
[0.393s] Level 1:colcon.colcon_core.package_identification:_identify(src/roverrobotics_ros2/roverrobotics_gazebo) by extensions ['colcon_pkg']
[0.393s] Level 1:colcon.colcon_core.package_identification:_identify(src/roverrobotics_ros2/roverrobotics_gazebo) by extension 'colcon_pkg'
[0.393s] Level 1:colcon.colcon_core.package_identification:_identify(src/roverrobotics_ros2/roverrobotics_gazebo) by extensions ['colcon_meta']
[0.393s] Level 1:colcon.colcon_core.package_identification:_identify(src/roverrobotics_ros2/roverrobotics_gazebo) by extension 'colcon_meta'
[0.393s] Level 1:colcon.colcon_core.package_identification:_identify(src/roverrobotics_ros2/roverrobotics_gazebo) by extensions ['ros']
[0.393s] Level 1:colcon.colcon_core.package_identification:_identify(src/roverrobotics_ros2/roverrobotics_gazebo) by extension 'ros'
[0.393s] DEBUG:colcon.colcon_core.package_identification:Package 'src/roverrobotics_ros2/roverrobotics_gazebo' with type 'ros.ament_cmake' and name 'roverrobotics_gazebo'
[0.394s] Level 1:colcon.colcon_core.package_identification:_identify(src/roverrobotics_ros2/roverrobotics_input_manager) by extensions ['ignore', 'ignore_ament_install']
[0.394s] Level 1:colcon.colcon_core.package_identification:_identify(src/roverrobotics_ros2/roverrobotics_input_manager) by extension 'ignore'
[0.394s] Level 1:colcon.colcon_core.package_identification:_identify(src/roverrobotics_ros2/roverrobotics_input_manager) by extension 'ignore_ament_install'
[0.394s] Level 1:colcon.colcon_core.package_identification:_identify(src/roverrobotics_ros2/roverrobotics_input_manager) by extensions ['colcon_pkg']
[0.394s] Level 1:colcon.colcon_core.package_identification:_identify(src/roverrobotics_ros2/roverrobotics_input_manager) by extension 'colcon_pkg'
[0.394s] Level 1:colcon.colcon_core.package_identification:_identify(src/roverrobotics_ros2/roverrobotics_input_manager) by extensions ['colcon_meta']
[0.394s] Level 1:colcon.colcon_core.package_identification:_identify(src/roverrobotics_ros2/roverrobotics_input_manager) by extension 'colcon_meta'
[0.394s] Level 1:colcon.colcon_core.package_identification:_identify(src/roverrobotics_ros2/roverrobotics_input_manager) by extensions ['ros']
[0.394s] Level 1:colcon.colcon_core.package_identification:_identify(src/roverrobotics_ros2/roverrobotics_input_manager) by extension 'ros'
[0.395s] DEBUG:colcon.colcon_core.package_identification:Package 'src/roverrobotics_ros2/roverrobotics_input_manager' with type 'ros.ament_cmake' and name 'roverrobotics_input_manager'
[0.395s] Level 1:colcon.colcon_core.package_identification:_identify(src/sllidar_ros2) by extensions ['ignore', 'ignore_ament_install']
[0.395s] Level 1:colcon.colcon_core.package_identification:_identify(src/sllidar_ros2) by extension 'ignore'
[0.395s] Level 1:colcon.colcon_core.package_identification:_identify(src/sllidar_ros2) by extension 'ignore_ament_install'
[0.395s] Level 1:colcon.colcon_core.package_identification:_identify(src/sllidar_ros2) by extensions ['colcon_pkg']
[0.395s] Level 1:colcon.colcon_core.package_identification:_identify(src/sllidar_ros2) by extension 'colcon_pkg'
[0.395s] Level 1:colcon.colcon_core.package_identification:_identify(src/sllidar_ros2) by extensions ['colcon_meta']
[0.395s] Level 1:colcon.colcon_core.package_identification:_identify(src/sllidar_ros2) by extension 'colcon_meta'
[0.395s] Level 1:colcon.colcon_core.package_identification:_identify(src/sllidar_ros2) by extensions ['ros']
[0.395s] Level 1:colcon.colcon_core.package_identification:_identify(src/sllidar_ros2) by extension 'ros'
[0.396s] DEBUG:colcon.colcon_core.package_identification:Package 'src/sllidar_ros2' with type 'ros.ament_cmake' and name 'sllidar_ros2'
[0.396s] Level 1:colcon.colcon_core.package_identification:_identify(src/witmotion_IMU_ros) by extensions ['ignore', 'ignore_ament_install']
[0.396s] Level 1:colcon.colcon_core.package_identification:_identify(src/witmotion_IMU_ros) by extension 'ignore'
[0.396s] Level 1:colcon.colcon_core.package_identification:_identify(src/witmotion_IMU_ros) by extension 'ignore_ament_install'
[0.396s] Level 1:colcon.colcon_core.package_identification:_identify(src/witmotion_IMU_ros) by extensions ['colcon_pkg']
[0.396s] Level 1:colcon.colcon_core.package_identification:_identify(src/witmotion_IMU_ros) by extension 'colcon_pkg'
[0.396s] Level 1:colcon.colcon_core.package_identification:_identify(src/witmotion_IMU_ros) by extensions ['colcon_meta']
[0.396s] Level 1:colcon.colcon_core.package_identification:_identify(src/witmotion_IMU_ros) by extension 'colcon_meta'
[0.396s] Level 1:colcon.colcon_core.package_identification:_identify(src/witmotion_IMU_ros) by extensions ['ros']
[0.396s] Level 1:colcon.colcon_core.package_identification:_identify(src/witmotion_IMU_ros) by extension 'ros'
[0.397s] DEBUG:colcon.colcon_core.package_identification:Package 'src/witmotion_IMU_ros' with type 'ros.ament_cmake' and name 'witmotion_ros'
[0.397s] Level 1:colcon.colcon_core.package_identification:_identify(zenoh) by extensions ['ignore', 'ignore_ament_install']
[0.398s] Level 1:colcon.colcon_core.package_identification:_identify(zenoh) by extension 'ignore'
[0.398s] Level 1:colcon.colcon_core.package_identification:_identify(zenoh) by extension 'ignore_ament_install'
[0.398s] Level 1:colcon.colcon_core.package_identification:_identify(zenoh) by extensions ['colcon_pkg']
[0.398s] Level 1:colcon.colcon_core.package_identification:_identify(zenoh) by extension 'colcon_pkg'
[0.398s] Level 1:colcon.colcon_core.package_identification:_identify(zenoh) by extensions ['colcon_meta']
[0.398s] Level 1:colcon.colcon_core.package_identification:_identify(zenoh) by extension 'colcon_meta'
[0.398s] Level 1:colcon.colcon_core.package_identification:_identify(zenoh) by extensions ['ros']
[0.398s] Level 1:colcon.colcon_core.package_identification:_identify(zenoh) by extension 'ros'
[0.398s] Level 1:colcon.colcon_core.package_identification:_identify(zenoh) by extensions ['cmake', 'python']
[0.398s] Level 1:colcon.colcon_core.package_identification:_identify(zenoh) by extension 'cmake'
[0.398s] Level 1:colcon.colcon_core.package_identification:_identify(zenoh) by extension 'python'
[0.398s] Level 1:colcon.colcon_core.package_identification:_identify(zenoh) by extensions ['python_setup_py']
[0.398s] Level 1:colcon.colcon_core.package_identification:_identify(zenoh) by extension 'python_setup_py'
[0.398s] Level 1:colcon.colcon_core.package_identification:_identify(zenoh/Szenoh_config_client) by extensions ['ignore', 'ignore_ament_install']
[0.398s] Level 1:colcon.colcon_core.package_identification:_identify(zenoh/Szenoh_config_client) by extension 'ignore'
[0.398s] Level 1:colcon.colcon_core.package_identification:_identify(zenoh/Szenoh_config_client) by extension 'ignore_ament_install'
[0.398s] Level 1:colcon.colcon_core.package_identification:_identify(zenoh/Szenoh_config_client) by extensions ['colcon_pkg']
[0.399s] Level 1:colcon.colcon_core.package_identification:_identify(zenoh/Szenoh_config_client) by extension 'colcon_pkg'
[0.399s] Level 1:colcon.colcon_core.package_identification:_identify(zenoh/Szenoh_config_client) by extensions ['colcon_meta']
[0.399s] Level 1:colcon.colcon_core.package_identification:_identify(zenoh/Szenoh_config_client) by extension 'colcon_meta'
[0.399s] Level 1:colcon.colcon_core.package_identification:_identify(zenoh/Szenoh_config_client) by extensions ['ros']
[0.399s] Level 1:colcon.colcon_core.package_identification:_identify(zenoh/Szenoh_config_client) by extension 'ros'
[0.399s] Level 1:colcon.colcon_core.package_identification:_identify(zenoh/Szenoh_config_client) by extensions ['cmake', 'python']
[0.399s] Level 1:colcon.colcon_core.package_identification:_identify(zenoh/Szenoh_config_client) by extension 'cmake'
[0.399s] Level 1:colcon.colcon_core.package_identification:_identify(zenoh/Szenoh_config_client) by extension 'python'
[0.399s] Level 1:colcon.colcon_core.package_identification:_identify(zenoh/Szenoh_config_client) by extensions ['python_setup_py']
[0.399s] Level 1:colcon.colcon_core.package_identification:_identify(zenoh/Szenoh_config_client) by extension 'python_setup_py'
[0.399s] Level 1:colcon.colcon_core.package_identification:_identify(zenoh/zenoh_config_client) by extensions ['ignore', 'ignore_ament_install']
[0.399s] Level 1:colcon.colcon_core.package_identification:_identify(zenoh/zenoh_config_client) by extension 'ignore'
[0.399s] Level 1:colcon.colcon_core.package_identification:_identify(zenoh/zenoh_config_client) by extension 'ignore_ament_install'
[0.399s] Level 1:colcon.colcon_core.package_identification:_identify(zenoh/zenoh_config_client) by extensions ['colcon_pkg']
[0.399s] Level 1:colcon.colcon_core.package_identification:_identify(zenoh/zenoh_config_client) by extension 'colcon_pkg'
[0.399s] Level 1:colcon.colcon_core.package_identification:_identify(zenoh/zenoh_config_client) by extensions ['colcon_meta']
[0.399s] Level 1:colcon.colcon_core.package_identification:_identify(zenoh/zenoh_config_client) by extension 'colcon_meta'
[0.399s] Level 1:colcon.colcon_core.package_identification:_identify(zenoh/zenoh_config_client) by extensions ['ros']
[0.400s] Level 1:colcon.colcon_core.package_identification:_identify(zenoh/zenoh_config_client) by extension 'ros'
[0.400s] Level 1:colcon.colcon_core.package_identification:_identify(zenoh/zenoh_config_client) by extensions ['cmake', 'python']
[0.400s] Level 1:colcon.colcon_core.package_identification:_identify(zenoh/zenoh_config_client) by extension 'cmake'
[0.400s] Level 1:colcon.colcon_core.package_identification:_identify(zenoh/zenoh_config_client) by extension 'python'
[0.400s] Level 1:colcon.colcon_core.package_identification:_identify(zenoh/zenoh_config_client) by extensions ['python_setup_py']
[0.400s] Level 1:colcon.colcon_core.package_identification:_identify(zenoh/zenoh_config_client) by extension 'python_setup_py'
[0.400s] Level 1:colcon.colcon_core.package_identification:_identify(zenoh/zenoh_config_server) by extensions ['ignore', 'ignore_ament_install']
[0.400s] Level 1:colcon.colcon_core.package_identification:_identify(zenoh/zenoh_config_server) by extension 'ignore'
[0.400s] Level 1:colcon.colcon_core.package_identification:_identify(zenoh/zenoh_config_server) by extension 'ignore_ament_install'
[0.400s] Level 1:colcon.colcon_core.package_identification:_identify(zenoh/zenoh_config_server) by extensions ['colcon_pkg']
[0.400s] Level 1:colcon.colcon_core.package_identification:_identify(zenoh/zenoh_config_server) by extension 'colcon_pkg'
[0.400s] Level 1:colcon.colcon_core.package_identification:_identify(zenoh/zenoh_config_server) by extensions ['colcon_meta']
[0.400s] Level 1:colcon.colcon_core.package_identification:_identify(zenoh/zenoh_config_server) by extension 'colcon_meta'
[0.400s] Level 1:colcon.colcon_core.package_identification:_identify(zenoh/zenoh_config_server) by extensions ['ros']
[0.400s] Level 1:colcon.colcon_core.package_identification:_identify(zenoh/zenoh_config_server) by extension 'ros'
[0.400s] Level 1:colcon.colcon_core.package_identification:_identify(zenoh/zenoh_config_server) by extensions ['cmake', 'python']
[0.400s] Level 1:colcon.colcon_core.package_identification:_identify(zenoh/zenoh_config_server) by extension 'cmake'
[0.401s] Level 1:colcon.colcon_core.package_identification:_identify(zenoh/zenoh_config_server) by extension 'python'
[0.401s] Level 1:colcon.colcon_core.package_identification:_identify(zenoh/zenoh_config_server) by extensions ['python_setup_py']
[0.401s] Level 1:colcon.colcon_core.package_identification:_identify(zenoh/zenoh_config_server) by extension 'python_setup_py'
[0.401s] Level 1:colcon.colcon_core.package_discovery:discover_packages(recursive) using defaults
[0.401s] Level 1:colcon.colcon_core.package_discovery:discover_packages(ignore) discover
[0.401s] Level 1:colcon.colcon_core.package_discovery:discover_packages(ignore) using defaults
[0.401s] Level 1:colcon.colcon_core.package_discovery:discover_packages(path) discover
[0.401s] Level 1:colcon.colcon_core.package_discovery:discover_packages(path) using defaults
[0.426s] Level 5:colcon.colcon_core.verb:set package 'mini_launchpad' build argument 'cmake_args' from command line to 'None'
[0.426s] Level 5:colcon.colcon_core.verb:set package 'mini_launchpad' build argument 'cmake_target' from command line to 'None'
[0.426s] Level 5:colcon.colcon_core.verb:set package 'mini_launchpad' build argument 'cmake_target_skip_unavailable' from command line to 'False'
[0.426s] Level 5:colcon.colcon_core.verb:set package 'mini_launchpad' build argument 'cmake_clean_cache' from command line to 'False'
[0.426s] Level 5:colcon.colcon_core.verb:set package 'mini_launchpad' build argument 'cmake_clean_first' from command line to 'False'
[0.426s] Level 5:colcon.colcon_core.verb:set package 'mini_launchpad' build argument 'cmake_force_configure' from command line to 'False'
[0.426s] Level 5:colcon.colcon_core.verb:set package 'mini_launchpad' build argument 'ament_cmake_args' from command line to 'None'
[0.426s] Level 5:colcon.colcon_core.verb:set package 'mini_launchpad' build argument 'catkin_cmake_args' from command line to 'None'
[0.426s] Level 5:colcon.colcon_core.verb:set package 'mini_launchpad' build argument 'catkin_skip_building_tests' from command line to 'False'
[0.426s] DEBUG:colcon.colcon_core.verb:Building package 'mini_launchpad' with the following arguments: {'ament_cmake_args': None, 'build_base': '/root/ros2_ws/build/mini_launchpad', 'catkin_cmake_args': None, 'catkin_skip_building_tests': False, 'cmake_args': None, 'cmake_clean_cache': False, 'cmake_clean_first': False, 'cmake_force_configure': False, 'cmake_target': None, 'cmake_target_skip_unavailable': False, 'install_base': '/root/ros2_ws/install/mini_launchpad', 'merge_install': False, 'path': '/root/ros2_ws/src/mini_launchpad', 'symlink_install': False, 'test_result_base': None}
[0.426s] Level 5:colcon.colcon_core.verb:set package 'mini_simulation' build argument 'cmake_args' from command line to 'None'
[0.426s] Level 5:colcon.colcon_core.verb:set package 'mini_simulation' build argument 'cmake_target' from command line to 'None'
[0.426s] Level 5:colcon.colcon_core.verb:set package 'mini_simulation' build argument 'cmake_target_skip_unavailable' from command line to 'False'
[0.426s] Level 5:colcon.colcon_core.verb:set package 'mini_simulation' build argument 'cmake_clean_cache' from command line to 'False'
[0.426s] Level 5:colcon.colcon_core.verb:set package 'mini_simulation' build argument 'cmake_clean_first' from command line to 'False'
[0.426s] Level 5:colcon.colcon_core.verb:set package 'mini_simulation' build argument 'cmake_force_configure' from command line to 'False'
[0.426s] Level 5:colcon.colcon_core.verb:set package 'mini_simulation' build argument 'ament_cmake_args' from command line to 'None'
[0.426s] Level 5:colcon.colcon_core.verb:set package 'mini_simulation' build argument 'catkin_cmake_args' from command line to 'None'
[0.427s] Level 5:colcon.colcon_core.verb:set package 'mini_simulation' build argument 'catkin_skip_building_tests' from command line to 'False'
[0.427s] DEBUG:colcon.colcon_core.verb:Building package 'mini_simulation' with the following arguments: {'ament_cmake_args': None, 'build_base': '/root/ros2_ws/build/mini_simulation', 'catkin_cmake_args': None, 'catkin_skip_building_tests': False, 'cmake_args': None, 'cmake_clean_cache': False, 'cmake_clean_first': False, 'cmake_force_configure': False, 'cmake_target': None, 'cmake_target_skip_unavailable': False, 'install_base': '/root/ros2_ws/install/mini_simulation', 'merge_install': False, 'path': '/root/ros2_ws/src/mini_simulation', 'symlink_install': False, 'test_result_base': None}
[0.427s] Level 5:colcon.colcon_core.verb:set package 'roverrobotics_description' build argument 'cmake_args' from command line to 'None'
[0.427s] Level 5:colcon.colcon_core.verb:set package 'roverrobotics_description' build argument 'cmake_target' from command line to 'None'
[0.427s] Level 5:colcon.colcon_core.verb:set package 'roverrobotics_description' build argument 'cmake_target_skip_unavailable' from command line to 'False'
[0.427s] Level 5:colcon.colcon_core.verb:set package 'roverrobotics_description' build argument 'cmake_clean_cache' from command line to 'False'
[0.427s] Level 5:colcon.colcon_core.verb:set package 'roverrobotics_description' build argument 'cmake_clean_first' from command line to 'False'
[0.427s] Level 5:colcon.colcon_core.verb:set package 'roverrobotics_description' build argument 'cmake_force_configure' from command line to 'False'
[0.427s] Level 5:colcon.colcon_core.verb:set package 'roverrobotics_description' build argument 'ament_cmake_args' from command line to 'None'
[0.427s] Level 5:colcon.colcon_core.verb:set package 'roverrobotics_description' build argument 'catkin_cmake_args' from command line to 'None'
[0.427s] Level 5:colcon.colcon_core.verb:set package 'roverrobotics_description' build argument 'catkin_skip_building_tests' from command line to 'False'
[0.427s] DEBUG:colcon.colcon_core.verb:Building package 'roverrobotics_description' with the following arguments: {'ament_cmake_args': None, 'build_base': '/root/ros2_ws/build/roverrobotics_description', 'catkin_cmake_args': None, 'catkin_skip_building_tests': False, 'cmake_args': None, 'cmake_clean_cache': False, 'cmake_clean_first': False, 'cmake_force_configure': False, 'cmake_target': None, 'cmake_target_skip_unavailable': False, 'install_base': '/root/ros2_ws/install/roverrobotics_description', 'merge_install': False, 'path': '/root/ros2_ws/src/roverrobotics_ros2/roverrobotics_description', 'symlink_install': False, 'test_result_base': None}
[0.428s] Level 5:colcon.colcon_core.verb:set package 'roverrobotics_driver' build argument 'cmake_args' from command line to 'None'
[0.428s] Level 5:colcon.colcon_core.verb:set package 'roverrobotics_driver' build argument 'cmake_target' from command line to 'None'
[0.428s] Level 5:colcon.colcon_core.verb:set package 'roverrobotics_driver' build argument 'cmake_target_skip_unavailable' from command line to 'False'
[0.428s] Level 5:colcon.colcon_core.verb:set package 'roverrobotics_driver' build argument 'cmake_clean_cache' from command line to 'False'
[0.428s] Level 5:colcon.colcon_core.verb:set package 'roverrobotics_driver' build argument 'cmake_clean_first' from command line to 'False'
[0.428s] Level 5:colcon.colcon_core.verb:set package 'roverrobotics_driver' build argument 'cmake_force_configure' from command line to 'False'
[0.428s] Level 5:colcon.colcon_core.verb:set package 'roverrobotics_driver' build argument 'ament_cmake_args' from command line to 'None'
[0.428s] Level 5:colcon.colcon_core.verb:set package 'roverrobotics_driver' build argument 'catkin_cmake_args' from command line to 'None'
[0.428s] Level 5:colcon.colcon_core.verb:set package 'roverrobotics_driver' build argument 'catkin_skip_building_tests' from command line to 'False'
[0.428s] DEBUG:colcon.colcon_core.verb:Building package 'roverrobotics_driver' with the following arguments: {'ament_cmake_args': None, 'build_base': '/root/ros2_ws/build/roverrobotics_driver', 'catkin_cmake_args': None, 'catkin_skip_building_tests': False, 'cmake_args': None, 'cmake_clean_cache': False, 'cmake_clean_first': False, 'cmake_force_configure': False, 'cmake_target': None, 'cmake_target_skip_unavailable': False, 'install_base': '/root/ros2_ws/install/roverrobotics_driver', 'merge_install': False, 'path': '/root/ros2_ws/src/roverrobotics_ros2/roverrobotics_driver', 'symlink_install': False, 'test_result_base': None}
[0.428s] Level 5:colcon.colcon_core.verb:set package 'roverrobotics_input_manager' build argument 'cmake_args' from command line to 'None'
[0.429s] Level 5:colcon.colcon_core.verb:set package 'roverrobotics_input_manager' build argument 'cmake_target' from command line to 'None'
[0.429s] Level 5:colcon.colcon_core.verb:set package 'roverrobotics_input_manager' build argument 'cmake_target_skip_unavailable' from command line to 'False'
[0.429s] Level 5:colcon.colcon_core.verb:set package 'roverrobotics_input_manager' build argument 'cmake_clean_cache' from command line to 'False'
[0.429s] Level 5:colcon.colcon_core.verb:set package 'roverrobotics_input_manager' build argument 'cmake_clean_first' from command line to 'False'
[0.429s] Level 5:colcon.colcon_core.verb:set package 'roverrobotics_input_manager' build argument 'cmake_force_configure' from command line to 'False'
[0.429s] Level 5:colcon.colcon_core.verb:set package 'roverrobotics_input_manager' build argument 'ament_cmake_args' from command line to 'None'
[0.429s] Level 5:colcon.colcon_core.verb:set package 'roverrobotics_input_manager' build argument 'catkin_cmake_args' from command line to 'None'
[0.429s] Level 5:colcon.colcon_core.verb:set package 'roverrobotics_input_manager' build argument 'catkin_skip_building_tests' from command line to 'False'
[0.429s] DEBUG:colcon.colcon_core.verb:Building package 'roverrobotics_input_manager' with the following arguments: {'ament_cmake_args': None, 'build_base': '/root/ros2_ws/build/roverrobotics_input_manager', 'catkin_cmake_args': None, 'catkin_skip_building_tests': False, 'cmake_args': None, 'cmake_clean_cache': False, 'cmake_clean_first': False, 'cmake_force_configure': False, 'cmake_target': None, 'cmake_target_skip_unavailable': False, 'install_base': '/root/ros2_ws/install/roverrobotics_input_manager', 'merge_install': False, 'path': '/root/ros2_ws/src/roverrobotics_ros2/roverrobotics_input_manager', 'symlink_install': False, 'test_result_base': None}
[0.429s] Level 5:colcon.colcon_core.verb:set package 'sllidar_ros2' build argument 'cmake_args' from command line to 'None'
[0.429s] Level 5:colcon.colcon_core.verb:set package 'sllidar_ros2' build argument 'cmake_target' from command line to 'None'
[0.429s] Level 5:colcon.colcon_core.verb:set package 'sllidar_ros2' build argument 'cmake_target_skip_unavailable' from command line to 'False'
[0.429s] Level 5:colcon.colcon_core.verb:set package 'sllidar_ros2' build argument 'cmake_clean_cache' from command line to 'False'
[0.429s] Level 5:colcon.colcon_core.verb:set package 'sllidar_ros2' build argument 'cmake_clean_first' from command line to 'False'
[0.429s] Level 5:colcon.colcon_core.verb:set package 'sllidar_ros2' build argument 'cmake_force_configure' from command line to 'False'
[0.429s] Level 5:colcon.colcon_core.verb:set package 'sllidar_ros2' build argument 'ament_cmake_args' from command line to 'None'
[0.429s] Level 5:colcon.colcon_core.verb:set package 'sllidar_ros2' build argument 'catkin_cmake_args' from command line to 'None'
[0.429s] Level 5:colcon.colcon_core.verb:set package 'sllidar_ros2' build argument 'catkin_skip_building_tests' from command line to 'False'
[0.430s] DEBUG:colcon.colcon_core.verb:Building package 'sllidar_ros2' with the following arguments: {'ament_cmake_args': None, 'build_base': '/root/ros2_ws/build/sllidar_ros2', 'catkin_cmake_args': None, 'catkin_skip_building_tests': False, 'cmake_args': None, 'cmake_clean_cache': False, 'cmake_clean_first': False, 'cmake_force_configure': False, 'cmake_target': None, 'cmake_target_skip_unavailable': False, 'install_base': '/root/ros2_ws/install/sllidar_ros2', 'merge_install': False, 'path': '/root/ros2_ws/src/sllidar_ros2', 'symlink_install': False, 'test_result_base': None}
[0.430s] Level 5:colcon.colcon_core.verb:set package 'witmotion_ros' build argument 'cmake_args' from command line to 'None'
[0.430s] Level 5:colcon.colcon_core.verb:set package 'witmotion_ros' build argument 'cmake_target' from command line to 'None'
[0.430s] Level 5:colcon.colcon_core.verb:set package 'witmotion_ros' build argument 'cmake_target_skip_unavailable' from command line to 'False'
[0.430s] Level 5:colcon.colcon_core.verb:set package 'witmotion_ros' build argument 'cmake_clean_cache' from command line to 'False'
[0.430s] Level 5:colcon.colcon_core.verb:set package 'witmotion_ros' build argument 'cmake_clean_first' from command line to 'False'
[0.430s] Level 5:colcon.colcon_core.verb:set package 'witmotion_ros' build argument 'cmake_force_configure' from command line to 'False'
[0.430s] Level 5:colcon.colcon_core.verb:set package 'witmotion_ros' build argument 'ament_cmake_args' from command line to 'None'
[0.430s] Level 5:colcon.colcon_core.verb:set package 'witmotion_ros' build argument 'catkin_cmake_args' from command line to 'None'
[0.430s] Level 5:colcon.colcon_core.verb:set package 'witmotion_ros' build argument 'catkin_skip_building_tests' from command line to 'False'
[0.430s] DEBUG:colcon.colcon_core.verb:Building package 'witmotion_ros' with the following arguments: {'ament_cmake_args': None, 'build_base': '/root/ros2_ws/build/witmotion_ros', 'catkin_cmake_args': None, 'catkin_skip_building_tests': False, 'cmake_args': None, 'cmake_clean_cache': False, 'cmake_clean_first': False, 'cmake_force_configure': False, 'cmake_target': None, 'cmake_target_skip_unavailable': False, 'install_base': '/root/ros2_ws/install/witmotion_ros', 'merge_install': False, 'path': '/root/ros2_ws/src/witmotion_IMU_ros', 'symlink_install': False, 'test_result_base': None}
[0.431s] Level 5:colcon.colcon_core.verb:set package 'roverrobotics_gazebo' build argument 'cmake_args' from command line to 'None'
[0.431s] Level 5:colcon.colcon_core.verb:set package 'roverrobotics_gazebo' build argument 'cmake_target' from command line to 'None'
[0.431s] Level 5:colcon.colcon_core.verb:set package 'roverrobotics_gazebo' build argument 'cmake_target_skip_unavailable' from command line to 'False'
[0.431s] Level 5:colcon.colcon_core.verb:set package 'roverrobotics_gazebo' build argument 'cmake_clean_cache' from command line to 'False'
[0.431s] Level 5:colcon.colcon_core.verb:set package 'roverrobotics_gazebo' build argument 'cmake_clean_first' from command line to 'False'
[0.431s] Level 5:colcon.colcon_core.verb:set package 'roverrobotics_gazebo' build argument 'cmake_force_configure' from command line to 'False'
[0.431s] Level 5:colcon.colcon_core.verb:set package 'roverrobotics_gazebo' build argument 'ament_cmake_args' from command line to 'None'
[0.431s] Level 5:colcon.colcon_core.verb:set package 'roverrobotics_gazebo' build argument 'catkin_cmake_args' from command line to 'None'
[0.431s] Level 5:colcon.colcon_core.verb:set package 'roverrobotics_gazebo' build argument 'catkin_skip_building_tests' from command line to 'False'
[0.431s] DEBUG:colcon.colcon_core.verb:Building package 'roverrobotics_gazebo' with the following arguments: {'ament_cmake_args': None, 'build_base': '/root/ros2_ws/build/roverrobotics_gazebo', 'catkin_cmake_args': None, 'catkin_skip_building_tests': False, 'cmake_args': None, 'cmake_clean_cache': False, 'cmake_clean_first': False, 'cmake_force_configure': False, 'cmake_target': None, 'cmake_target_skip_unavailable': False, 'install_base': '/root/ros2_ws/install/roverrobotics_gazebo', 'merge_install': False, 'path': '/root/ros2_ws/src/roverrobotics_ros2/roverrobotics_gazebo', 'symlink_install': False, 'test_result_base': None}
[0.431s] INFO:colcon.colcon_core.executor:Executing jobs using 'parallel' executor
[0.433s] DEBUG:colcon.colcon_parallel_executor.executor.parallel:run_until_complete
[0.435s] INFO:colcon.colcon_ros.task.ament_cmake.build:Building ROS package in '/root/ros2_ws/src/roverrobotics_ros2/roverrobotics_description' with build type 'ament_cmake'
[0.435s] INFO:colcon.colcon_cmake.task.cmake.build:Building CMake package in '/root/ros2_ws/src/roverrobotics_ros2/roverrobotics_description'
[0.437s] INFO:colcon.colcon_core.plugin_system:Skipping extension 'colcon_core.shell.bat': Not used on non-Windows systems
[0.437s] INFO:colcon.colcon_core.shell:Skip shell extension 'powershell' for command environment: Not usable outside of PowerShell
[0.438s] DEBUG:colcon.colcon_core.shell:Skip shell extension 'dsv' for command environment
[0.443s] INFO:colcon.colcon_ros.task.ament_cmake.build:Building ROS package in '/root/ros2_ws/src/mini_launchpad' with build type 'ament_cmake'
[0.444s] INFO:colcon.colcon_cmake.task.cmake.build:Building CMake package in '/root/ros2_ws/src/mini_launchpad'
[0.444s] INFO:colcon.colcon_core.shell:Skip shell extension 'powershell' for command environment: Not usable outside of PowerShell
[0.444s] DEBUG:colcon.colcon_core.shell:Skip shell extension 'dsv' for command environment
[0.463s] INFO:colcon.colcon_ros.task.ament_cmake.build:Building ROS package in '/root/ros2_ws/src/mini_simulation' with build type 'ament_cmake'
[0.463s] INFO:colcon.colcon_cmake.task.cmake.build:Building CMake package in '/root/ros2_ws/src/mini_simulation'
[0.463s] INFO:colcon.colcon_core.shell:Skip shell extension 'powershell' for command environment: Not usable outside of PowerShell
[0.464s] DEBUG:colcon.colcon_core.shell:Skip shell extension 'dsv' for command environment
[0.467s] INFO:colcon.colcon_ros.task.ament_cmake.build:Building ROS package in '/root/ros2_ws/src/roverrobotics_ros2/roverrobotics_driver' with build type 'ament_cmake'
[0.468s] INFO:colcon.colcon_cmake.task.cmake.build:Building CMake package in '/root/ros2_ws/src/roverrobotics_ros2/roverrobotics_driver'
[0.468s] INFO:colcon.colcon_core.shell:Skip shell extension 'powershell' for command environment: Not usable outside of PowerShell
[0.468s] DEBUG:colcon.colcon_core.shell:Skip shell extension 'dsv' for command environment
[0.472s] INFO:colcon.colcon_ros.task.ament_cmake.build:Building ROS package in '/root/ros2_ws/src/roverrobotics_ros2/roverrobotics_input_manager' with build type 'ament_cmake'
[0.472s] INFO:colcon.colcon_cmake.task.cmake.build:Building CMake package in '/root/ros2_ws/src/roverrobotics_ros2/roverrobotics_input_manager'
[0.472s] INFO:colcon.colcon_core.shell:Skip shell extension 'powershell' for command environment: Not usable outside of PowerShell
[0.472s] DEBUG:colcon.colcon_core.shell:Skip shell extension 'dsv' for command environment
[0.477s] INFO:colcon.colcon_ros.task.ament_cmake.build:Building ROS package in '/root/ros2_ws/src/sllidar_ros2' with build type 'ament_cmake'
[0.477s] INFO:colcon.colcon_cmake.task.cmake.build:Building CMake package in '/root/ros2_ws/src/sllidar_ros2'
[0.477s] INFO:colcon.colcon_core.shell:Skip shell extension 'powershell' for command environment: Not usable outside of PowerShell
[0.477s] DEBUG:colcon.colcon_core.shell:Skip shell extension 'dsv' for command environment
[0.482s] INFO:colcon.colcon_ros.task.ament_cmake.build:Building ROS package in '/root/ros2_ws/src/witmotion_IMU_ros' with build type 'ament_cmake'
[0.482s] INFO:colcon.colcon_cmake.task.cmake.build:Building CMake package in '/root/ros2_ws/src/witmotion_IMU_ros'
[0.483s] INFO:colcon.colcon_core.shell:Skip shell extension 'powershell' for command environment: Not usable outside of PowerShell
[0.483s] DEBUG:colcon.colcon_core.shell:Skip shell extension 'dsv' for command environment
[0.491s] DEBUG:colcon.colcon_core.event_handler.log_command:Invoking command in '/root/ros2_ws/build/roverrobotics_description': CMAKE_PREFIX_PATH=/opt/ros/humble /usr/bin/cmake /root/ros2_ws/src/roverrobotics_ros2/roverrobotics_description -DCMAKE_INSTALL_PREFIX=/root/ros2_ws/install/roverrobotics_description
[0.497s] DEBUG:colcon.colcon_core.event_handler.log_command:Invoking command in '/root/ros2_ws/build/mini_launchpad': CMAKE_PREFIX_PATH=/opt/ros/humble /usr/bin/cmake /root/ros2_ws/src/mini_launchpad -DCMAKE_INSTALL_PREFIX=/root/ros2_ws/install/mini_launchpad
[0.500s] DEBUG:colcon.colcon_core.event_handler.log_command:Invoking command in '/root/ros2_ws/build/mini_simulation': CMAKE_PREFIX_PATH=/opt/ros/humble /usr/bin/cmake /root/ros2_ws/src/mini_simulation -DCMAKE_INSTALL_PREFIX=/root/ros2_ws/install/mini_simulation
[0.508s] DEBUG:colcon.colcon_core.event_handler.log_command:Invoking command in '/root/ros2_ws/build/roverrobotics_driver': CMAKE_PREFIX_PATH=/opt/ros/humble /usr/bin/cmake /root/ros2_ws/src/roverrobotics_ros2/roverrobotics_driver -DCMAKE_INSTALL_PREFIX=/root/ros2_ws/install/roverrobotics_driver
[0.513s] DEBUG:colcon.colcon_core.event_handler.log_command:Invoking command in '/root/ros2_ws/build/roverrobotics_input_manager': CMAKE_PREFIX_PATH=/opt/ros/humble /usr/bin/cmake /root/ros2_ws/src/roverrobotics_ros2/roverrobotics_input_manager -DCMAKE_INSTALL_PREFIX=/root/ros2_ws/install/roverrobotics_input_manager
[0.523s] DEBUG:colcon.colcon_core.event_handler.log_command:Invoking command in '/root/ros2_ws/build/sllidar_ros2': CMAKE_PREFIX_PATH=/opt/ros/humble /usr/bin/cmake /root/ros2_ws/src/sllidar_ros2 -DCMAKE_INSTALL_PREFIX=/root/ros2_ws/install/sllidar_ros2
[0.545s] DEBUG:colcon.colcon_core.event_handler.log_command:Invoking command in '/root/ros2_ws/build/witmotion_ros': CMAKE_PREFIX_PATH=/opt/ros/humble /usr/bin/cmake /root/ros2_ws/src/witmotion_IMU_ros -DCMAKE_INSTALL_PREFIX=/root/ros2_ws/install/witmotion_ros
[1.905s] DEBUG:colcon.colcon_core.event_handler.log_command:Invoked command in '/root/ros2_ws/build/roverrobotics_description' returned '0': CMAKE_PREFIX_PATH=/opt/ros/humble /usr/bin/cmake /root/ros2_ws/src/roverrobotics_ros2/roverrobotics_description -DCMAKE_INSTALL_PREFIX=/root/ros2_ws/install/roverrobotics_description
[1.906s] DEBUG:colcon.colcon_core.event_handler.log_command:Invoking command in '/root/ros2_ws/build/roverrobotics_description': CMAKE_PREFIX_PATH=/opt/ros/humble /usr/bin/cmake --build /root/ros2_ws/build/roverrobotics_description -- -j8 -l8
[1.906s] DEBUG:colcon.colcon_core.event_handler.log_command:Invoked command in '/root/ros2_ws/build/mini_launchpad' returned '0': CMAKE_PREFIX_PATH=/opt/ros/humble /usr/bin/cmake /root/ros2_ws/src/mini_launchpad -DCMAKE_INSTALL_PREFIX=/root/ros2_ws/install/mini_launchpad
[1.915s] DEBUG:colcon.colcon_core.event_handler.log_command:Invoking command in '/root/ros2_ws/build/mini_launchpad': CMAKE_PREFIX_PATH=/opt/ros/humble /usr/bin/cmake --build /root/ros2_ws/build/mini_launchpad -- -j8 -l8
[1.926s] DEBUG:colcon.colcon_core.event_handler.log_command:Invoked command in '/root/ros2_ws/build/roverrobotics_input_manager' returned '0': CMAKE_PREFIX_PATH=/opt/ros/humble /usr/bin/cmake /root/ros2_ws/src/roverrobotics_ros2/roverrobotics_input_manager -DCMAKE_INSTALL_PREFIX=/root/ros2_ws/install/roverrobotics_input_manager
[1.927s] DEBUG:colcon.colcon_core.event_handler.log_command:Invoking command in '/root/ros2_ws/build/roverrobotics_input_manager': CMAKE_PREFIX_PATH=/opt/ros/humble /usr/bin/cmake --build /root/ros2_ws/build/roverrobotics_input_manager -- -j8 -l8
[1.949s] DEBUG:colcon.colcon_core.event_handler.log_command:Invoked command in '/root/ros2_ws/build/mini_simulation' returned '0': CMAKE_PREFIX_PATH=/opt/ros/humble /usr/bin/cmake /root/ros2_ws/src/mini_simulation -DCMAKE_INSTALL_PREFIX=/root/ros2_ws/install/mini_simulation
[1.951s] DEBUG:colcon.colcon_core.event_handler.log_command:Invoking command in '/root/ros2_ws/build/mini_simulation': CMAKE_PREFIX_PATH=/opt/ros/humble /usr/bin/cmake --build /root/ros2_ws/build/mini_simulation -- -j8 -l8
[1.984s] DEBUG:colcon.colcon_core.event_handler.log_command:Invoked command in '/root/ros2_ws/build/roverrobotics_description' returned '0': CMAKE_PREFIX_PATH=/opt/ros/humble /usr/bin/cmake --build /root/ros2_ws/build/roverrobotics_description -- -j8 -l8
[2.003s] DEBUG:colcon.colcon_core.event_handler.log_command:Invoking command in '/root/ros2_ws/build/roverrobotics_description': CMAKE_PREFIX_PATH=/opt/ros/humble /usr/bin/cmake --install /root/ros2_ws/build/roverrobotics_description
[2.018s] DEBUG:colcon.colcon_core.event_handler.log_command:Invoked command in '/root/ros2_ws/build/mini_launchpad' returned '0': CMAKE_PREFIX_PATH=/opt/ros/humble /usr/bin/cmake --build /root/ros2_ws/build/mini_launchpad -- -j8 -l8
[2.019s] DEBUG:colcon.colcon_core.event_handler.log_command:Invoking command in '/root/ros2_ws/build/mini_launchpad': CMAKE_PREFIX_PATH=/opt/ros/humble /usr/bin/cmake --install /root/ros2_ws/build/mini_launchpad
[2.022s] DEBUG:colcon.colcon_core.event_handler.log_command:Invoked command in '/root/ros2_ws/build/roverrobotics_input_manager' returned '0': CMAKE_PREFIX_PATH=/opt/ros/humble /usr/bin/cmake --build /root/ros2_ws/build/roverrobotics_input_manager -- -j8 -l8
[2.027s] DEBUG:colcon.colcon_core.event_handler.log_command:Invoking command in '/root/ros2_ws/build/roverrobotics_input_manager': CMAKE_PREFIX_PATH=/opt/ros/humble /usr/bin/cmake --install /root/ros2_ws/build/roverrobotics_input_manager
[2.028s] DEBUG:colcon.colcon_core.event_handler.log_command:Invoked command in '/root/ros2_ws/build/mini_simulation' returned '0': CMAKE_PREFIX_PATH=/opt/ros/humble /usr/bin/cmake --build /root/ros2_ws/build/mini_simulation -- -j8 -l8
[2.031s] DEBUG:colcon.colcon_core.event_handler.log_command:Invoking command in '/root/ros2_ws/build/mini_simulation': CMAKE_PREFIX_PATH=/opt/ros/humble /usr/bin/cmake --install /root/ros2_ws/build/mini_simulation
[2.046s] Level 1:colcon.colcon_core.environment:create_environment_scripts_only(roverrobotics_input_manager)
[2.047s] DEBUG:colcon.colcon_core.event_handler.log_command:Invoked command in '/root/ros2_ws/build/roverrobotics_input_manager' returned '0': CMAKE_PREFIX_PATH=/opt/ros/humble /usr/bin/cmake --install /root/ros2_ws/build/roverrobotics_input_manager
[2.051s] Level 1:colcon.colcon_core.environment:checking '/root/ros2_ws/install/roverrobotics_input_manager' for CMake module files
[2.053s] Level 1:colcon.colcon_core.environment:checking '/root/ros2_ws/install/roverrobotics_input_manager' for CMake config files
[2.054s] Level 1:colcon.colcon_core.shell:create_environment_hook('roverrobotics_input_manager', 'cmake_prefix_path')
[2.054s] INFO:colcon.colcon_core.shell:Creating environment hook '/root/ros2_ws/install/roverrobotics_input_manager/share/roverrobotics_input_manager/hook/cmake_prefix_path.ps1'
[2.055s] INFO:colcon.colcon_core.shell:Creating environment descriptor '/root/ros2_ws/install/roverrobotics_input_manager/share/roverrobotics_input_manager/hook/cmake_prefix_path.dsv'
[2.056s] INFO:colcon.colcon_core.shell:Creating environment hook '/root/ros2_ws/install/roverrobotics_input_manager/share/roverrobotics_input_manager/hook/cmake_prefix_path.sh'
[2.058s] Level 1:colcon.colcon_core.environment:checking '/root/ros2_ws/install/roverrobotics_input_manager/lib'
[2.058s] Level 1:colcon.colcon_core.environment:checking '/root/ros2_ws/install/roverrobotics_input_manager/bin'
[2.058s] Level 1:colcon.colcon_core.environment:checking '/root/ros2_ws/install/roverrobotics_input_manager/lib/pkgconfig/roverrobotics_input_manager.pc'
[2.061s] Level 1:colcon.colcon_core.environment:checking '/root/ros2_ws/install/roverrobotics_input_manager/lib/python3.10/site-packages'
[2.062s] Level 1:colcon.colcon_core.environment:checking '/root/ros2_ws/install/roverrobotics_input_manager/bin'
[2.062s] INFO:colcon.colcon_core.shell:Creating package script '/root/ros2_ws/install/roverrobotics_input_manager/share/roverrobotics_input_manager/package.ps1'
[2.064s] INFO:colcon.colcon_core.shell:Creating package descriptor '/root/ros2_ws/install/roverrobotics_input_manager/share/roverrobotics_input_manager/package.dsv'
[2.065s] INFO:colcon.colcon_core.shell:Creating package script '/root/ros2_ws/install/roverrobotics_input_manager/share/roverrobotics_input_manager/package.sh'
[2.066s] INFO:colcon.colcon_core.shell:Creating package script '/root/ros2_ws/install/roverrobotics_input_manager/share/roverrobotics_input_manager/package.bash'
[2.067s] INFO:colcon.colcon_core.shell:Creating package script '/root/ros2_ws/install/roverrobotics_input_manager/share/roverrobotics_input_manager/package.zsh'
[2.068s] Level 1:colcon.colcon_core.environment:create_file_with_runtime_dependencies(/root/ros2_ws/install/roverrobotics_input_manager/share/colcon-core/packages/roverrobotics_input_manager)
[2.069s] Level 1:colcon.colcon_core.environment:create_environment_scripts_only(roverrobotics_input_manager)
[2.070s] Level 1:colcon.colcon_core.environment:checking '/root/ros2_ws/install/roverrobotics_input_manager' for CMake module files
[2.070s] Level 1:colcon.colcon_core.environment:checking '/root/ros2_ws/install/roverrobotics_input_manager' for CMake config files
[2.071s] Level 1:colcon.colcon_core.shell:create_environment_hook('roverrobotics_input_manager', 'cmake_prefix_path')
[2.071s] INFO:colcon.colcon_core.shell:Creating environment hook '/root/ros2_ws/install/roverrobotics_input_manager/share/roverrobotics_input_manager/hook/cmake_prefix_path.ps1'
[2.072s] INFO:colcon.colcon_core.shell:Creating environment descriptor '/root/ros2_ws/install/roverrobotics_input_manager/share/roverrobotics_input_manager/hook/cmake_prefix_path.dsv'
[2.072s] INFO:colcon.colcon_core.shell:Creating environment hook '/root/ros2_ws/install/roverrobotics_input_manager/share/roverrobotics_input_manager/hook/cmake_prefix_path.sh'
[2.075s] Level 1:colcon.colcon_core.environment:checking '/root/ros2_ws/install/roverrobotics_input_manager/lib'
[2.075s] Level 1:colcon.colcon_core.environment:checking '/root/ros2_ws/install/roverrobotics_input_manager/bin'
[2.075s] Level 1:colcon.colcon_core.environment:checking '/root/ros2_ws/install/roverrobotics_input_manager/lib/pkgconfig/roverrobotics_input_manager.pc'
[2.076s] Level 1:colcon.colcon_core.environment:checking '/root/ros2_ws/install/roverrobotics_input_manager/lib/python3.10/site-packages'
[2.076s] Level 1:colcon.colcon_core.environment:checking '/root/ros2_ws/install/roverrobotics_input_manager/bin'
[2.077s] INFO:colcon.colcon_core.shell:Creating package script '/root/ros2_ws/install/roverrobotics_input_manager/share/roverrobotics_input_manager/package.ps1'
[2.078s] INFO:colcon.colcon_core.shell:Creating package descriptor '/root/ros2_ws/install/roverrobotics_input_manager/share/roverrobotics_input_manager/package.dsv'
[2.080s] INFO:colcon.colcon_core.shell:Creating package script '/root/ros2_ws/install/roverrobotics_input_manager/share/roverrobotics_input_manager/package.sh'
[2.082s] INFO:colcon.colcon_core.shell:Creating package script '/root/ros2_ws/install/roverrobotics_input_manager/share/roverrobotics_input_manager/package.bash'
[2.084s] INFO:colcon.colcon_core.shell:Creating package script '/root/ros2_ws/install/roverrobotics_input_manager/share/roverrobotics_input_manager/package.zsh'
[2.085s] Level 1:colcon.colcon_core.environment:create_file_with_runtime_dependencies(/root/ros2_ws/install/roverrobotics_input_manager/share/colcon-core/packages/roverrobotics_input_manager)
[2.824s] DEBUG:colcon.colcon_core.event_handler.log_command:Invoked command in '/root/ros2_ws/build/sllidar_ros2' returned '0': CMAKE_PREFIX_PATH=/opt/ros/humble /usr/bin/cmake /root/ros2_ws/src/sllidar_ros2 -DCMAKE_INSTALL_PREFIX=/root/ros2_ws/install/sllidar_ros2
[2.826s] DEBUG:colcon.colcon_core.event_handler.log_command:Invoking command in '/root/ros2_ws/build/sllidar_ros2': CMAKE_PREFIX_PATH=/opt/ros/humble /usr/bin/cmake --build /root/ros2_ws/build/sllidar_ros2 -- -j8 -l8
[3.149s] DEBUG:colcon.colcon_core.event_handler.log_command:Invoked command in '/root/ros2_ws/build/roverrobotics_driver' returned '0': CMAKE_PREFIX_PATH=/opt/ros/humble /usr/bin/cmake /root/ros2_ws/src/roverrobotics_ros2/roverrobotics_driver -DCMAKE_INSTALL_PREFIX=/root/ros2_ws/install/roverrobotics_driver
[3.155s] DEBUG:colcon.colcon_core.event_handler.log_command:Invoking command in '/root/ros2_ws/build/roverrobotics_driver': CMAKE_PREFIX_PATH=/opt/ros/humble /usr/bin/cmake --build /root/ros2_ws/build/roverrobotics_driver -- -j8 -l8
[6.005s] Level 1:colcon.colcon_core.environment:create_environment_scripts_only(mini_simulation)
[6.006s] Level 1:colcon.colcon_core.environment:checking '/root/ros2_ws/install/mini_simulation' for CMake module files
[6.007s] Level 1:colcon.colcon_core.environment:checking '/root/ros2_ws/install/mini_simulation' for CMake config files
[6.008s] Level 1:colcon.colcon_core.shell:create_environment_hook('mini_simulation', 'cmake_prefix_path')
[6.021s] DEBUG:colcon.colcon_core.event_handler.log_command:Invoked command in '/root/ros2_ws/build/mini_simulation' returned '0': CMAKE_PREFIX_PATH=/opt/ros/humble /usr/bin/cmake --install /root/ros2_ws/build/mini_simulation
[6.021s] INFO:colcon.colcon_core.shell:Creating environment hook '/root/ros2_ws/install/mini_simulation/share/mini_simulation/hook/cmake_prefix_path.ps1'
[6.022s] INFO:colcon.colcon_core.shell:Creating environment descriptor '/root/ros2_ws/install/mini_simulation/share/mini_simulation/hook/cmake_prefix_path.dsv'
[6.023s] INFO:colcon.colcon_core.shell:Creating environment hook '/root/ros2_ws/install/mini_simulation/share/mini_simulation/hook/cmake_prefix_path.sh'
[6.024s] Level 1:colcon.colcon_core.environment:checking '/root/ros2_ws/install/mini_simulation/bin'
[6.024s] Level 1:colcon.colcon_core.environment:checking '/root/ros2_ws/install/mini_simulation/lib/pkgconfig/mini_simulation.pc'
[6.024s] Level 1:colcon.colcon_core.environment:checking '/root/ros2_ws/install/mini_simulation/lib/python3.10/site-packages'
[6.025s] Level 1:colcon.colcon_core.environment:checking '/root/ros2_ws/install/mini_simulation/bin'
[6.026s] INFO:colcon.colcon_core.shell:Creating package script '/root/ros2_ws/install/mini_simulation/share/mini_simulation/package.ps1'
[6.026s] INFO:colcon.colcon_core.shell:Creating package descriptor '/root/ros2_ws/install/mini_simulation/share/mini_simulation/package.dsv'
[6.027s] INFO:colcon.colcon_core.shell:Creating package script '/root/ros2_ws/install/mini_simulation/share/mini_simulation/package.sh'
[6.032s] INFO:colcon.colcon_core.shell:Creating package script '/root/ros2_ws/install/mini_simulation/share/mini_simulation/package.bash'
[6.034s] INFO:colcon.colcon_core.shell:Creating package script '/root/ros2_ws/install/mini_simulation/share/mini_simulation/package.zsh'
[6.035s] Level 1:colcon.colcon_core.environment:create_file_with_runtime_dependencies(/root/ros2_ws/install/mini_simulation/share/colcon-core/packages/mini_simulation)
[6.039s] Level 1:colcon.colcon_core.environment:create_environment_scripts_only(mini_simulation)
[6.040s] Level 1:colcon.colcon_core.environment:checking '/root/ros2_ws/install/mini_simulation' for CMake module files
[6.041s] Level 1:colcon.colcon_core.environment:checking '/root/ros2_ws/install/mini_simulation' for CMake config files
[6.042s] Level 1:colcon.colcon_core.shell:create_environment_hook('mini_simulation', 'cmake_prefix_path')
[6.042s] INFO:colcon.colcon_core.shell:Creating environment hook '/root/ros2_ws/install/mini_simulation/share/mini_simulation/hook/cmake_prefix_path.ps1'
[6.048s] INFO:colcon.colcon_core.shell:Creating environment descriptor '/root/ros2_ws/install/mini_simulation/share/mini_simulation/hook/cmake_prefix_path.dsv'
[6.049s] INFO:colcon.colcon_core.shell:Creating environment hook '/root/ros2_ws/install/mini_simulation/share/mini_simulation/hook/cmake_prefix_path.sh'
[6.054s] Level 1:colcon.colcon_core.environment:checking '/root/ros2_ws/install/mini_simulation/bin'
[6.054s] Level 1:colcon.colcon_core.environment:checking '/root/ros2_ws/install/mini_simulation/lib/pkgconfig/mini_simulation.pc'
[6.054s] Level 1:colcon.colcon_core.environment:checking '/root/ros2_ws/install/mini_simulation/lib/python3.10/site-packages'
[6.055s] Level 1:colcon.colcon_core.environment:checking '/root/ros2_ws/install/mini_simulation/bin'
[6.056s] INFO:colcon.colcon_core.shell:Creating package script '/root/ros2_ws/install/mini_simulation/share/mini_simulation/package.ps1'
[6.057s] INFO:colcon.colcon_core.shell:Creating package descriptor '/root/ros2_ws/install/mini_simulation/share/mini_simulation/package.dsv'
[6.063s] INFO:colcon.colcon_core.shell:Creating package script '/root/ros2_ws/install/mini_simulation/share/mini_simulation/package.sh'
[6.066s] INFO:colcon.colcon_core.shell:Creating package script '/root/ros2_ws/install/mini_simulation/share/mini_simulation/package.bash'
[6.067s] INFO:colcon.colcon_core.shell:Creating package script '/root/ros2_ws/install/mini_simulation/share/mini_simulation/package.zsh'
[6.069s] Level 1:colcon.colcon_core.environment:create_file_with_runtime_dependencies(/root/ros2_ws/install/mini_simulation/share/colcon-core/packages/mini_simulation)
[7.161s] Level 1:colcon.colcon_core.environment:create_environment_scripts_only(mini_launchpad)
[7.162s] Level 1:colcon.colcon_core.environment:checking '/root/ros2_ws/install/mini_launchpad' for CMake module files
[7.163s] Level 1:colcon.colcon_core.environment:checking '/root/ros2_ws/install/mini_launchpad' for CMake config files
[7.168s] DEBUG:colcon.colcon_core.event_handler.log_command:Invoked command in '/root/ros2_ws/build/mini_launchpad' returned '1': CMAKE_PREFIX_PATH=/opt/ros/humble /usr/bin/cmake --install /root/ros2_ws/build/mini_launchpad
[7.170s] Level 1:colcon.colcon_core.environment:checking '/root/ros2_ws/install/mini_launchpad/bin'
[7.170s] Level 1:colcon.colcon_core.environment:checking '/root/ros2_ws/install/mini_launchpad/lib/pkgconfig/mini_launchpad.pc'
[7.179s] Level 1:colcon.colcon_core.environment:checking '/root/ros2_ws/install/mini_launchpad/lib/python3.10/site-packages'
[7.180s] Level 1:colcon.colcon_core.environment:checking '/root/ros2_ws/install/mini_launchpad/bin'
[7.180s] INFO:colcon.colcon_core.shell:Creating package script '/root/ros2_ws/install/mini_launchpad/share/mini_launchpad/package.ps1'
[7.187s] INFO:colcon.colcon_core.shell:Creating package descriptor '/root/ros2_ws/install/mini_launchpad/share/mini_launchpad/package.dsv'
[7.189s] INFO:colcon.colcon_core.shell:Creating package script '/root/ros2_ws/install/mini_launchpad/share/mini_launchpad/package.sh'
[7.190s] INFO:colcon.colcon_core.shell:Creating package script '/root/ros2_ws/install/mini_launchpad/share/mini_launchpad/package.bash'
[7.191s] INFO:colcon.colcon_core.shell:Creating package script '/root/ros2_ws/install/mini_launchpad/share/mini_launchpad/package.zsh'
[7.195s] Level 1:colcon.colcon_core.environment:create_file_with_runtime_dependencies(/root/ros2_ws/install/mini_launchpad/share/colcon-core/packages/mini_launchpad)
[36.248s] DEBUG:colcon.colcon_parallel_executor.executor.parallel:closing loop
[36.249s] DEBUG:colcon.colcon_parallel_executor.executor.parallel:loop closed
[36.249s] DEBUG:colcon.colcon_parallel_executor.executor.parallel:run_until_complete finished with '1'
[36.249s] DEBUG:colcon.colcon_core.event_reactor:joining thread
[36.266s] INFO:colcon.colcon_core.plugin_system:Skipping extension 'colcon_notification.desktop_notification.notify_send': Could not find 'notify-send'
[36.266s] INFO:colcon.colcon_core.plugin_system:Skipping extension 'colcon_notification.desktop_notification.terminal_notifier': Not used on non-Darwin systems
[36.267s] INFO:colcon.colcon_core.plugin_system:Skipping extension 'colcon_notification.desktop_notification.win32': Not used on non-Windows systems
[36.267s] INFO:colcon.colcon_notification.desktop_notification:Sending desktop notification using 'notify2'
[36.272s] DEBUG:colcon.colcon_notification.desktop_notification.notify2:Failed to initialize notify2: org.freedesktop.DBus.Error.Spawn.ExecFailed: /usr/bin/dbus-launch terminated abnormally without any error message
[36.273s] DEBUG:colcon.colcon_core.event_reactor:joined thread
[36.275s] INFO:colcon.colcon_core.shell:Creating prefix script '/root/ros2_ws/install/local_setup.ps1'
[36.278s] INFO:colcon.colcon_core.shell:Creating prefix util module '/root/ros2_ws/install/_local_setup_util_ps1.py'
[36.283s] INFO:colcon.colcon_core.shell:Creating prefix chain script '/root/ros2_ws/install/setup.ps1'
[36.285s] INFO:colcon.colcon_core.shell:Creating prefix script '/root/ros2_ws/install/local_setup.sh'
[36.287s] INFO:colcon.colcon_core.shell:Creating prefix util module '/root/ros2_ws/install/_local_setup_util_sh.py'
[36.288s] INFO:colcon.colcon_core.shell:Creating prefix chain script '/root/ros2_ws/install/setup.sh'
[36.291s] INFO:colcon.colcon_core.shell:Creating prefix script '/root/ros2_ws/install/local_setup.bash'
[36.292s] INFO:colcon.colcon_core.shell:Creating prefix chain script '/root/ros2_ws/install/setup.bash'
[36.295s] INFO:colcon.colcon_core.shell:Creating prefix script '/root/ros2_ws/install/local_setup.zsh'
[36.296s] INFO:colcon.colcon_core.shell:Creating prefix chain script '/root/ros2_ws/install/setup.zsh'
