[35m[1mConsolidate compiler generated dependencies of target sllidar_client[0m
[35m[1mConsolidate compiler generated dependencies of target sllidar_node[0m
[ 10%] Built target sllidar_client
[100%] Built target sllidar_node
-- Install configuration: ""
-- Installing: /root/ros2_ws/install/sllidar_ros2/share/sllidar_ros2/launch
-- Installing: /root/ros2_ws/install/sllidar_ros2/share/sllidar_ros2/launch/view_sllidar_a2m12_launch.py
-- Installing: /root/ros2_ws/install/sllidar_ros2/share/sllidar_ros2/launch/view_sllidar_s2_launch.py
-- Installing: /root/ros2_ws/install/sllidar_ros2/share/sllidar_ros2/launch/view_sllidar_a3_launch.py
-- Installing: /root/ros2_ws/install/sllidar_ros2/share/sllidar_ros2/launch/sllidar_s3_launch.py
-- Installing: /root/ros2_ws/install/sllidar_ros2/share/sllidar_ros2/launch/sllidar_s1_tcp_launch.py
-- Installing: /root/ros2_ws/install/sllidar_ros2/share/sllidar_ros2/launch/sllidar_a2m12_launch .py
-- Installing: /root/ros2_ws/install/sllidar_ros2/share/sllidar_ros2/launch/view_sllidar_s1_launch.py
-- Installing: /root/ros2_ws/install/sllidar_ros2/share/sllidar_ros2/launch/sllidar_a2m7_launch.py
-- Installing: /root/ros2_ws/install/sllidar_ros2/share/sllidar_ros2/launch/view_sllidar_s2e_launch.py
-- Installing: /root/ros2_ws/install/sllidar_ros2/share/sllidar_ros2/launch/sllidar_a1_launch.py
-- Installing: /root/ros2_ws/install/sllidar_ros2/share/sllidar_ros2/launch/sllidar_t1_launch.py
-- Installing: /root/ros2_ws/install/sllidar_ros2/share/sllidar_ros2/launch/view_sllidar_s3_launch.py
-- Installing: /root/ros2_ws/install/sllidar_ros2/share/sllidar_ros2/launch/sllidar_c1_launch.py
-- Installing: /root/ros2_ws/install/sllidar_ros2/share/sllidar_ros2/launch/view_sllidar_t1_launch.py
-- Installing: /root/ros2_ws/install/sllidar_ros2/share/sllidar_ros2/launch/sllidar_s2e_launch.py
-- Installing: /root/ros2_ws/install/sllidar_ros2/share/sllidar_ros2/launch/sllidar_s2_launch.py
-- Installing: /root/ros2_ws/install/sllidar_ros2/share/sllidar_ros2/launch/sllidar_a2m8_launch.py
-- Installing: /root/ros2_ws/install/sllidar_ros2/share/sllidar_ros2/launch/view_sllidar_a2m8_launch.py
-- Installing: /root/ros2_ws/install/sllidar_ros2/share/sllidar_ros2/launch/view_sllidar_a2m7_launch.py
-- Installing: /root/ros2_ws/install/sllidar_ros2/share/sllidar_ros2/launch/sllidar_a3_launch.py
-- Installing: /root/ros2_ws/install/sllidar_ros2/share/sllidar_ros2/launch/sllidar_s1_launch.py
-- Installing: /root/ros2_ws/install/sllidar_ros2/share/sllidar_ros2/launch/view_sllidar_s1_tcp_launch.py
-- Installing: /root/ros2_ws/install/sllidar_ros2/share/sllidar_ros2/launch/view_sllidar_a1_launch.py
-- Installing: /root/ros2_ws/install/sllidar_ros2/share/sllidar_ros2/launch/view_sllidar_c1_launch.py
-- Installing: /root/ros2_ws/install/sllidar_ros2/share/sllidar_ros2/rviz
-- Installing: /root/ros2_ws/install/sllidar_ros2/share/sllidar_ros2/rviz/sllidar_ros2.rviz
-- Installing: /root/ros2_ws/install/sllidar_ros2/lib/sllidar_ros2/sllidar_node
-- Set runtime path of "/root/ros2_ws/install/sllidar_ros2/lib/sllidar_ros2/sllidar_node" to ""
-- Installing: /root/ros2_ws/install/sllidar_ros2/lib/sllidar_ros2/sllidar_client
-- Set runtime path of "/root/ros2_ws/install/sllidar_ros2/lib/sllidar_ros2/sllidar_client" to ""
-- Installing: /root/ros2_ws/install/sllidar_ros2/share/ament_index/resource_index/package_run_dependencies/sllidar_ros2
-- Installing: /root/ros2_ws/install/sllidar_ros2/share/ament_index/resource_index/parent_prefix_path/sllidar_ros2
-- Installing: /root/ros2_ws/install/sllidar_ros2/share/sllidar_ros2/environment/ament_prefix_path.sh
-- Installing: /root/ros2_ws/install/sllidar_ros2/share/sllidar_ros2/environment/ament_prefix_path.dsv
-- Installing: /root/ros2_ws/install/sllidar_ros2/share/sllidar_ros2/environment/path.sh
-- Installing: /root/ros2_ws/install/sllidar_ros2/share/sllidar_ros2/environment/path.dsv
-- Installing: /root/ros2_ws/install/sllidar_ros2/share/sllidar_ros2/local_setup.bash
-- Installing: /root/ros2_ws/install/sllidar_ros2/share/sllidar_ros2/local_setup.sh
-- Installing: /root/ros2_ws/install/sllidar_ros2/share/sllidar_ros2/local_setup.zsh
-- Installing: /root/ros2_ws/install/sllidar_ros2/share/sllidar_ros2/local_setup.dsv
-- Installing: /root/ros2_ws/install/sllidar_ros2/share/sllidar_ros2/package.dsv
-- Installing: /root/ros2_ws/install/sllidar_ros2/share/ament_index/resource_index/packages/sllidar_ros2
-- Installing: /root/ros2_ws/install/sllidar_ros2/share/sllidar_ros2/cmake/ament_cmake_export_dependencies-extras.cmake
-- Installing: /root/ros2_ws/install/sllidar_ros2/share/sllidar_ros2/cmake/ament_cmake_export_include_directories-extras.cmake
-- Installing: /root/ros2_ws/install/sllidar_ros2/share/sllidar_ros2/cmake/sllidar_ros2Config.cmake
-- Installing: /root/ros2_ws/install/sllidar_ros2/share/sllidar_ros2/cmake/sllidar_ros2Config-version.cmake
-- Installing: /root/ros2_ws/install/sllidar_ros2/share/sllidar_ros2/package.xml
