[0.042s] Invoking command in '/root/ros2_ws/build/sllidar_ros2': CMAKE_PREFIX_PATH=/opt/ros/humble /usr/bin/cmake --build /root/ros2_ws/build/sllidar_ros2 -- -j8 -l8
[0.162s] [35m[1mConsolidate compiler generated dependencies of target sllidar_client[0m
[0.199s] [35m[1mConsolidate compiler generated dependencies of target sllidar_node[0m
[0.237s] [ 10%] Built target sllidar_client
[0.278s] [100%] Built target sllidar_node
[0.378s] Invoked command in '/root/ros2_ws/build/sllidar_ros2' returned '0': CMAKE_PREFIX_PATH=/opt/ros/humble /usr/bin/cmake --build /root/ros2_ws/build/sllidar_ros2 -- -j8 -l8
[0.379s] Invoking command in '/root/ros2_ws/build/sllidar_ros2': CMAKE_PREFIX_PATH=/opt/ros/humble /usr/bin/cmake --install /root/ros2_ws/build/sllidar_ros2
[0.537s] -- Install configuration: ""
[0.546s] -- Installing: /root/ros2_ws/install/sllidar_ros2/share/sllidar_ros2/launch
[0.547s] -- Installing: /root/ros2_ws/install/sllidar_ros2/share/sllidar_ros2/launch/view_sllidar_a2m12_launch.py
[0.547s] -- Installing: /root/ros2_ws/install/sllidar_ros2/share/sllidar_ros2/launch/view_sllidar_s2_launch.py
[0.547s] -- Installing: /root/ros2_ws/install/sllidar_ros2/share/sllidar_ros2/launch/view_sllidar_a3_launch.py
[0.550s] -- Installing: /root/ros2_ws/install/sllidar_ros2/share/sllidar_ros2/launch/sllidar_s3_launch.py
[0.550s] -- Installing: /root/ros2_ws/install/sllidar_ros2/share/sllidar_ros2/launch/sllidar_s1_tcp_launch.py
[0.550s] -- Installing: /root/ros2_ws/install/sllidar_ros2/share/sllidar_ros2/launch/sllidar_a2m12_launch .py
[0.556s] -- Installing: /root/ros2_ws/install/sllidar_ros2/share/sllidar_ros2/launch/view_sllidar_s1_launch.py
[0.556s] -- Installing: /root/ros2_ws/install/sllidar_ros2/share/sllidar_ros2/launch/sllidar_a2m7_launch.py
[0.557s] -- Installing: /root/ros2_ws/install/sllidar_ros2/share/sllidar_ros2/launch/view_sllidar_s2e_launch.py
[0.557s] -- Installing: /root/ros2_ws/install/sllidar_ros2/share/sllidar_ros2/launch/sllidar_a1_launch.py
[0.557s] -- Installing: /root/ros2_ws/install/sllidar_ros2/share/sllidar_ros2/launch/sllidar_t1_launch.py
[0.557s] -- Installing: /root/ros2_ws/install/sllidar_ros2/share/sllidar_ros2/launch/view_sllidar_s3_launch.py
[0.557s] -- Installing: /root/ros2_ws/install/sllidar_ros2/share/sllidar_ros2/launch/sllidar_c1_launch.py
[0.557s] -- Installing: /root/ros2_ws/install/sllidar_ros2/share/sllidar_ros2/launch/view_sllidar_t1_launch.py
[0.558s] -- Installing: /root/ros2_ws/install/sllidar_ros2/share/sllidar_ros2/launch/sllidar_s2e_launch.py
[0.567s] -- Installing: /root/ros2_ws/install/sllidar_ros2/share/sllidar_ros2/launch/sllidar_s2_launch.py
[0.568s] -- Installing: /root/ros2_ws/install/sllidar_ros2/share/sllidar_ros2/launch/sllidar_a2m8_launch.py
[0.568s] -- Installing: /root/ros2_ws/install/sllidar_ros2/share/sllidar_ros2/launch/view_sllidar_a2m8_launch.py
[0.568s] -- Installing: /root/ros2_ws/install/sllidar_ros2/share/sllidar_ros2/launch/view_sllidar_a2m7_launch.py
[0.568s] -- Installing: /root/ros2_ws/install/sllidar_ros2/share/sllidar_ros2/launch/sllidar_a3_launch.py
[0.568s] -- Installing: /root/ros2_ws/install/sllidar_ros2/share/sllidar_ros2/launch/sllidar_s1_launch.py
[0.568s] -- Installing: /root/ros2_ws/install/sllidar_ros2/share/sllidar_ros2/launch/view_sllidar_s1_tcp_launch.py
[0.569s] -- Installing: /root/ros2_ws/install/sllidar_ros2/share/sllidar_ros2/launch/view_sllidar_a1_launch.py
[0.569s] -- Installing: /root/ros2_ws/install/sllidar_ros2/share/sllidar_ros2/launch/view_sllidar_c1_launch.py
[0.571s] -- Installing: /root/ros2_ws/install/sllidar_ros2/share/sllidar_ros2/rviz
[0.571s] -- Installing: /root/ros2_ws/install/sllidar_ros2/share/sllidar_ros2/rviz/sllidar_ros2.rviz
[0.572s] -- Installing: /root/ros2_ws/install/sllidar_ros2/lib/sllidar_ros2/sllidar_node
[0.576s] -- Set runtime path of "/root/ros2_ws/install/sllidar_ros2/lib/sllidar_ros2/sllidar_node" to ""
[0.577s] -- Installing: /root/ros2_ws/install/sllidar_ros2/lib/sllidar_ros2/sllidar_client
[0.577s] -- Set runtime path of "/root/ros2_ws/install/sllidar_ros2/lib/sllidar_ros2/sllidar_client" to ""
[0.577s] -- Installing: /root/ros2_ws/install/sllidar_ros2/share/ament_index/resource_index/package_run_dependencies/sllidar_ros2
[0.577s] -- Installing: /root/ros2_ws/install/sllidar_ros2/share/ament_index/resource_index/parent_prefix_path/sllidar_ros2
[0.577s] -- Installing: /root/ros2_ws/install/sllidar_ros2/share/sllidar_ros2/environment/ament_prefix_path.sh
[0.578s] -- Installing: /root/ros2_ws/install/sllidar_ros2/share/sllidar_ros2/environment/ament_prefix_path.dsv
[0.578s] -- Installing: /root/ros2_ws/install/sllidar_ros2/share/sllidar_ros2/environment/path.sh
[0.578s] -- Installing: /root/ros2_ws/install/sllidar_ros2/share/sllidar_ros2/environment/path.dsv
[0.578s] -- Installing: /root/ros2_ws/install/sllidar_ros2/share/sllidar_ros2/local_setup.bash
[0.580s] -- Installing: /root/ros2_ws/install/sllidar_ros2/share/sllidar_ros2/local_setup.sh
[0.580s] -- Installing: /root/ros2_ws/install/sllidar_ros2/share/sllidar_ros2/local_setup.zsh
[0.580s] -- Installing: /root/ros2_ws/install/sllidar_ros2/share/sllidar_ros2/local_setup.dsv
[0.580s] -- Installing: /root/ros2_ws/install/sllidar_ros2/share/sllidar_ros2/package.dsv
[0.580s] -- Installing: /root/ros2_ws/install/sllidar_ros2/share/ament_index/resource_index/packages/sllidar_ros2
[0.581s] -- Installing: /root/ros2_ws/install/sllidar_ros2/share/sllidar_ros2/cmake/ament_cmake_export_dependencies-extras.cmake
[0.581s] -- Installing: /root/ros2_ws/install/sllidar_ros2/share/sllidar_ros2/cmake/ament_cmake_export_include_directories-extras.cmake
[0.581s] -- Installing: /root/ros2_ws/install/sllidar_ros2/share/sllidar_ros2/cmake/sllidar_ros2Config.cmake
[0.587s] -- Installing: /root/ros2_ws/install/sllidar_ros2/share/sllidar_ros2/cmake/sllidar_ros2Config-version.cmake
[0.587s] -- Installing: /root/ros2_ws/install/sllidar_ros2/share/sllidar_ros2/package.xml
[0.588s] Invoked command in '/root/ros2_ws/build/sllidar_ros2' returned '0': CMAKE_PREFIX_PATH=/opt/ros/humble /usr/bin/cmake --install /root/ros2_ws/build/sllidar_ros2
