[0.036s] Invoking command in '/root/ros2_ws/build/mini_simulation': CMAKE_PREFIX_PATH=/opt/ros/humble /usr/bin/cmake /root/ros2_ws/src/mini_simulation -DCMAKE_INSTALL_PREFIX=/root/ros2_ws/install/mini_simulation
[0.196s] -- The C compiler identification is GNU 11.4.0
[0.311s] -- The CXX compiler identification is GNU 11.4.0
[0.325s] -- Detecting C compiler ABI info
[0.469s] -- Detecting C compiler ABI info - done
[0.516s] -- Check for working C compiler: /usr/bin/cc - skipped
[0.517s] -- Detecting C compile features
[0.517s] -- Detecting C compile features - done
[0.525s] -- Detecting CXX compiler ABI info
[0.704s] -- Detecting CXX compiler ABI info - done
[0.731s] -- Check for working CXX compiler: /usr/bin/c++ - skipped
[0.732s] -- Detecting CXX compile features
[0.733s] -- Detecting CXX compile features - done
[0.742s] -- Found ament_cmake: 1.3.12 (/opt/ros/humble/share/ament_cmake/cmake)
[1.103s] -- Found Python3: /usr/bin/python3 (found version "3.10.12") found components: Interpreter 
[1.333s] -- Found rclpy: 3.3.17 (/opt/ros/humble/share/rclpy/cmake)
[1.466s] -- Configuring done
[1.472s] -- Generating done
[1.474s] -- Build files have been written to: /root/ros2_ws/build/mini_simulation
[1.483s] Invoked command in '/root/ros2_ws/build/mini_simulation' returned '0': CMAKE_PREFIX_PATH=/opt/ros/humble /usr/bin/cmake /root/ros2_ws/src/mini_simulation -DCMAKE_INSTALL_PREFIX=/root/ros2_ws/install/mini_simulation
[1.487s] Invoking command in '/root/ros2_ws/build/mini_simulation': CMAKE_PREFIX_PATH=/opt/ros/humble /usr/bin/cmake --build /root/ros2_ws/build/mini_simulation -- -j8 -l8
[1.565s] Invoked command in '/root/ros2_ws/build/mini_simulation' returned '0': CMAKE_PREFIX_PATH=/opt/ros/humble /usr/bin/cmake --build /root/ros2_ws/build/mini_simulation -- -j8 -l8
[1.567s] Invoking command in '/root/ros2_ws/build/mini_simulation': CMAKE_PREFIX_PATH=/opt/ros/humble /usr/bin/cmake --install /root/ros2_ws/build/mini_simulation
[1.585s] -- Install configuration: ""
[1.585s] -- Installing: /root/ros2_ws/install/mini_simulation/share/mini_simulation/launch
[1.585s] -- Installing: /root/ros2_ws/install/mini_simulation/share/mini_simulation/launch/sim
[1.586s] -- Installing: /root/ros2_ws/install/mini_simulation/share/mini_simulation/launch/sim/0s_ign_spawn_world_gazebo.launch.py
[1.586s] -- Installing: /root/ros2_ws/install/mini_simulation/share/mini_simulation/launch/sim/1s_ign_spawn_mini_gazebo.launch.py
[1.586s] -- Installing: /root/ros2_ws/install/mini_simulation/share/mini_simulation/meshes
[1.586s] -- Installing: /root/ros2_ws/install/mini_simulation/share/mini_simulation/meshes/rplidar_s2.dae
[1.752s] -- Installing: /root/ros2_ws/install/mini_simulation/share/mini_simulation/meshes/centered_rplidar-s1m1-r1.stl
[2.895s] -- Installing: /root/ros2_ws/install/mini_simulation/share/mini_simulation/meshes/hub_6.5in.dae
[2.954s] -- Installing: /root/ros2_ws/install/mini_simulation/share/mini_simulation/meshes/mini_chassis.dae
[4.201s] -- Installing: /root/ros2_ws/install/mini_simulation/share/mini_simulation/meshes/rplidar-s1m1-r1.stl
[5.394s] -- Installing: /root/ros2_ws/install/mini_simulation/share/mini_simulation/urdf
[5.394s] -- Installing: /root/ros2_ws/install/mini_simulation/share/mini_simulation/urdf/accessories
[5.400s] -- Installing: /root/ros2_ws/install/mini_simulation/share/mini_simulation/urdf/accessories/rplidar_s2.urdf
[5.514s] -- Installing: /root/ros2_ws/install/mini_simulation/share/mini_simulation/urdf/accessories/imu.urdf
[5.516s] -- Installing: /root/ros2_ws/install/mini_simulation/share/mini_simulation/urdf/accessories/rover_dev_payload.urdf
[5.516s] -- Installing: /root/ros2_ws/install/mini_simulation/share/mini_simulation/urdf/test.urdf
[5.517s] -- Installing: /root/ros2_ws/install/mini_simulation/share/mini_simulation/urdf/mini.urdf
[5.518s] -- Installing: /root/ros2_ws/install/mini_simulation/share/ament_index/resource_index/package_run_dependencies/mini_simulation
[5.528s] -- Installing: /root/ros2_ws/install/mini_simulation/share/ament_index/resource_index/parent_prefix_path/mini_simulation
[5.529s] -- Installing: /root/ros2_ws/install/mini_simulation/share/mini_simulation/environment/ament_prefix_path.sh
[5.529s] -- Installing: /root/ros2_ws/install/mini_simulation/share/mini_simulation/environment/ament_prefix_path.dsv
[5.529s] -- Installing: /root/ros2_ws/install/mini_simulation/share/mini_simulation/environment/path.sh
[5.529s] -- Installing: /root/ros2_ws/install/mini_simulation/share/mini_simulation/environment/path.dsv
[5.529s] -- Installing: /root/ros2_ws/install/mini_simulation/share/mini_simulation/local_setup.bash
[5.529s] -- Installing: /root/ros2_ws/install/mini_simulation/share/mini_simulation/local_setup.sh
[5.530s] -- Installing: /root/ros2_ws/install/mini_simulation/share/mini_simulation/local_setup.zsh
[5.530s] -- Installing: /root/ros2_ws/install/mini_simulation/share/mini_simulation/local_setup.dsv
[5.530s] -- Installing: /root/ros2_ws/install/mini_simulation/share/mini_simulation/package.dsv
[5.530s] -- Installing: /root/ros2_ws/install/mini_simulation/share/ament_index/resource_index/packages/mini_simulation
[5.536s] -- Installing: /root/ros2_ws/install/mini_simulation/share/mini_simulation/cmake/mini_simulationConfig.cmake
[5.537s] -- Installing: /root/ros2_ws/install/mini_simulation/share/mini_simulation/cmake/mini_simulationConfig-version.cmake
[5.537s] -- Installing: /root/ros2_ws/install/mini_simulation/share/mini_simulation/package.xml
[5.557s] Invoked command in '/root/ros2_ws/build/mini_simulation' returned '0': CMAKE_PREFIX_PATH=/opt/ros/humble /usr/bin/cmake --install /root/ros2_ws/build/mini_simulation
