[0.040s] Invoking command in '/root/ros2_ws/build/roverrobotics_input_manager': CMAKE_PREFIX_PATH=/opt/ros/humble /usr/bin/cmake /root/ros2_ws/src/roverrobotics_ros2/roverrobotics_input_manager -DCMAKE_INSTALL_PREFIX=/root/ros2_ws/install/roverrobotics_input_manager
[0.182s] -- The C compiler identification is GNU 11.4.0
[0.278s] -- The CXX compiler identification is GNU 11.4.0
[0.303s] -- Detecting C compiler ABI info
[0.452s] -- Detecting C compiler ABI info - done
[0.474s] -- Check for working C compiler: /usr/bin/cc - skipped
[0.474s] -- Detecting C compile features
[0.478s] -- Detecting C compile features - done
[0.486s] -- Detecting CXX compiler ABI info
[0.658s] -- Detecting CXX compiler ABI info - done
[0.690s] -- Check for working CXX compiler: /usr/bin/c++ - skipped
[0.690s] -- Detecting CXX compile features
[0.691s] -- Detecting CXX compile features - done
[0.704s] -- Found ament_cmake: 1.3.12 (/opt/ros/humble/share/ament_cmake/cmake)
[1.013s] -- Found Python3: /usr/bin/python3 (found version "3.10.12") found components: Interpreter 
[1.419s] -- Configuring done
[1.434s] -- Generating done
[1.442s] -- Build files have been written to: /root/ros2_ws/build/roverrobotics_input_manager
[1.454s] Invoked command in '/root/ros2_ws/build/roverrobotics_input_manager' returned '0': CMAKE_PREFIX_PATH=/opt/ros/humble /usr/bin/cmake /root/ros2_ws/src/roverrobotics_ros2/roverrobotics_input_manager -DCMAKE_INSTALL_PREFIX=/root/ros2_ws/install/roverrobotics_input_manager
[1.454s] Invoking command in '/root/ros2_ws/build/roverrobotics_input_manager': CMAKE_PREFIX_PATH=/opt/ros/humble /usr/bin/cmake --build /root/ros2_ws/build/roverrobotics_input_manager -- -j8 -l8
[1.549s] Invoked command in '/root/ros2_ws/build/roverrobotics_input_manager' returned '0': CMAKE_PREFIX_PATH=/opt/ros/humble /usr/bin/cmake --build /root/ros2_ws/build/roverrobotics_input_manager -- -j8 -l8
[1.554s] Invoking command in '/root/ros2_ws/build/roverrobotics_input_manager': CMAKE_PREFIX_PATH=/opt/ros/humble /usr/bin/cmake --install /root/ros2_ws/build/roverrobotics_input_manager
[1.563s] -- Install configuration: ""
[1.564s] -- Installing: /root/ros2_ws/install/roverrobotics_input_manager/lib/roverrobotics_input_manager/modules
[1.564s] -- Installing: /root/ros2_ws/install/roverrobotics_input_manager/lib/roverrobotics_input_manager/modules/Topics.py
[1.564s] -- Installing: /root/ros2_ws/install/roverrobotics_input_manager/lib/roverrobotics_input_manager/modules/__pycache__
[1.564s] -- Installing: /root/ros2_ws/install/roverrobotics_input_manager/lib/roverrobotics_input_manager/modules/__pycache__/Controller.cpython-310.pyc
[1.565s] -- Installing: /root/ros2_ws/install/roverrobotics_input_manager/lib/roverrobotics_input_manager/modules/__pycache__/Topics.cpython-310.pyc
[1.565s] -- Installing: /root/ros2_ws/install/roverrobotics_input_manager/lib/roverrobotics_input_manager/modules/__pycache__/Topics.cpython-38.pyc
[1.565s] -- Installing: /root/ros2_ws/install/roverrobotics_input_manager/lib/roverrobotics_input_manager/modules/__pycache__/Controller.cpython-38.pyc
[1.565s] -- Installing: /root/ros2_ws/install/roverrobotics_input_manager/lib/roverrobotics_input_manager/modules/Controller.py
[1.565s] -- Installing: /root/ros2_ws/install/roverrobotics_input_manager/lib/roverrobotics_input_manager/joys_manager.py
[1.566s] -- Installing: /root/ros2_ws/install/roverrobotics_input_manager/share/ament_index/resource_index/package_run_dependencies/roverrobotics_input_manager
[1.566s] -- Installing: /root/ros2_ws/install/roverrobotics_input_manager/share/ament_index/resource_index/parent_prefix_path/roverrobotics_input_manager
[1.566s] -- Installing: /root/ros2_ws/install/roverrobotics_input_manager/share/roverrobotics_input_manager/environment/ament_prefix_path.sh
[1.566s] -- Installing: /root/ros2_ws/install/roverrobotics_input_manager/share/roverrobotics_input_manager/environment/ament_prefix_path.dsv
[1.567s] -- Installing: /root/ros2_ws/install/roverrobotics_input_manager/share/roverrobotics_input_manager/environment/path.sh
[1.567s] -- Installing: /root/ros2_ws/install/roverrobotics_input_manager/share/roverrobotics_input_manager/environment/path.dsv
[1.567s] -- Installing: /root/ros2_ws/install/roverrobotics_input_manager/share/roverrobotics_input_manager/local_setup.bash
[1.568s] -- Installing: /root/ros2_ws/install/roverrobotics_input_manager/share/roverrobotics_input_manager/local_setup.sh
[1.568s] -- Installing: /root/ros2_ws/install/roverrobotics_input_manager/share/roverrobotics_input_manager/local_setup.zsh
[1.568s] -- Installing: /root/ros2_ws/install/roverrobotics_input_manager/share/roverrobotics_input_manager/local_setup.dsv
[1.568s] -- Installing: /root/ros2_ws/install/roverrobotics_input_manager/share/roverrobotics_input_manager/package.dsv
[1.568s] -- Installing: /root/ros2_ws/install/roverrobotics_input_manager/share/ament_index/resource_index/packages/roverrobotics_input_manager
[1.569s] -- Installing: /root/ros2_ws/install/roverrobotics_input_manager/share/roverrobotics_input_manager/cmake/roverrobotics_input_managerConfig.cmake
[1.569s] -- Installing: /root/ros2_ws/install/roverrobotics_input_manager/share/roverrobotics_input_manager/cmake/roverrobotics_input_managerConfig-version.cmake
[1.569s] -- Installing: /root/ros2_ws/install/roverrobotics_input_manager/share/roverrobotics_input_manager/package.xml
[1.574s] Invoked command in '/root/ros2_ws/build/roverrobotics_input_manager' returned '0': CMAKE_PREFIX_PATH=/opt/ros/humble /usr/bin/cmake --install /root/ros2_ws/build/roverrobotics_input_manager
