-- Install configuration: ""
-- Up-to-date: /root/ros2_ws/install/roverrobotics_description/share/roverrobotics_description/rviz
-- Up-to-date: /root/ros2_ws/install/roverrobotics_description/share/roverrobotics_description/rviz/urdf.rviz
-- Up-to-date: /root/ros2_ws/install/roverrobotics_description/share/roverrobotics_description/launch
-- Up-to-date: /root/ros2_ws/install/roverrobotics_description/share/roverrobotics_description/launch/display_4wd_rover.launch.py
-- Up-to-date: /root/ros2_ws/install/roverrobotics_description/share/roverrobotics_description/launch/display_miti.launch.py
-- Up-to-date: /root/ros2_ws/install/roverrobotics_description/share/roverrobotics_description/launch/display_max.launch.py
-- Up-to-date: /root/ros2_ws/install/roverrobotics_description/share/roverrobotics_description/launch/display_miti_65.launch.py
-- Up-to-date: /root/ros2_ws/install/roverrobotics_description/share/roverrobotics_description/launch/display_flipper.launch.py
-- Up-to-date: /root/ros2_ws/install/roverrobotics_description/share/roverrobotics_description/launch/display_2wd_rover.launch.py
-- Up-to-date: /root/ros2_ws/install/roverrobotics_description/share/roverrobotics_description/launch/display_mini.launch.py
-- Up-to-date: /root/ros2_ws/install/roverrobotics_description/share/roverrobotics_description/meshes
-- Up-to-date: /root/ros2_ws/install/roverrobotics_description/share/roverrobotics_description/meshes/castor.dae
-- Up-to-date: /root/ros2_ws/install/roverrobotics_description/share/roverrobotics_description/meshes/max_wheels_10in.dae
-- Up-to-date: /root/ros2_ws/install/roverrobotics_description/share/roverrobotics_description/meshes/hub_10in.dae
-- Up-to-date: /root/ros2_ws/install/roverrobotics_description/share/roverrobotics_description/meshes/max_wheels_13in.dae
-- Up-to-date: /root/ros2_ws/install/roverrobotics_description/share/roverrobotics_description/meshes/castor_housing.dae
-- Up-to-date: /root/ros2_ws/install/roverrobotics_description/share/roverrobotics_description/meshes/flipper_chassis.dae
-- Up-to-date: /root/ros2_ws/install/roverrobotics_description/share/roverrobotics_description/meshes/rover_2wd_core.dae
-- Up-to-date: /root/ros2_ws/install/roverrobotics_description/share/roverrobotics_description/meshes/65wheels.dae
-- Up-to-date: /root/ros2_ws/install/roverrobotics_description/share/roverrobotics_description/meshes/rplidar_s2.dae
-- Up-to-date: /root/ros2_ws/install/roverrobotics_description/share/roverrobotics_description/meshes/pro_tire.dae
-- Up-to-date: /root/ros2_ws/install/roverrobotics_description/share/roverrobotics_description/meshes/miti_chassis_new.dae
-- Up-to-date: /root/ros2_ws/install/roverrobotics_description/share/roverrobotics_description/meshes/hub_6.5in.dae
-- Up-to-date: /root/ros2_ws/install/roverrobotics_description/share/roverrobotics_description/meshes/rover_payload.dae
-- Up-to-date: /root/ros2_ws/install/roverrobotics_description/share/roverrobotics_description/meshes/mini_chassis.dae
-- Up-to-date: /root/ros2_ws/install/roverrobotics_description/share/roverrobotics_description/meshes/flipper_track.dae
-- Up-to-date: /root/ros2_ws/install/roverrobotics_description/share/roverrobotics_description/meshes/flipper.dae
-- Up-to-date: /root/ros2_ws/install/roverrobotics_description/share/roverrobotics_description/meshes/max_wheels_15in.dae
-- Up-to-date: /root/ros2_ws/install/roverrobotics_description/share/roverrobotics_description/meshes/miti_chassis.dae
-- Up-to-date: /root/ros2_ws/install/roverrobotics_description/share/roverrobotics_description/meshes/mini_chassis_new.dae
-- Up-to-date: /root/ros2_ws/install/roverrobotics_description/share/roverrobotics_description/meshes/max_chassis.dae
-- Up-to-date: /root/ros2_ws/install/roverrobotics_description/share/roverrobotics_description/urdf
-- Up-to-date: /root/ros2_ws/install/roverrobotics_description/share/roverrobotics_description/urdf/max.urdf
-- Up-to-date: /root/ros2_ws/install/roverrobotics_description/share/roverrobotics_description/urdf/miti.urdf
-- Up-to-date: /root/ros2_ws/install/roverrobotics_description/share/roverrobotics_description/urdf/flipper.urdf
-- Up-to-date: /root/ros2_ws/install/roverrobotics_description/share/roverrobotics_description/urdf/rover_4wd.urdf
-- Up-to-date: /root/ros2_ws/install/roverrobotics_description/share/roverrobotics_description/urdf/accessories
-- Up-to-date: /root/ros2_ws/install/roverrobotics_description/share/roverrobotics_description/urdf/accessories/rplidar_s2.urdf
-- Up-to-date: /root/ros2_ws/install/roverrobotics_description/share/roverrobotics_description/urdf/accessories/imu.urdf
-- Up-to-date: /root/ros2_ws/install/roverrobotics_description/share/roverrobotics_description/urdf/accessories/rover_dev_payload.urdf
-- Up-to-date: /root/ros2_ws/install/roverrobotics_description/share/roverrobotics_description/urdf/max_65.urdf
-- Up-to-date: /root/ros2_ws/install/roverrobotics_description/share/roverrobotics_description/urdf/max_130.urdf
-- Up-to-date: /root/ros2_ws/install/roverrobotics_description/share/roverrobotics_description/urdf/max_150.urdf
-- Up-to-date: /root/ros2_ws/install/roverrobotics_description/share/roverrobotics_description/urdf/miti_65.urdf
-- Up-to-date: /root/ros2_ws/install/roverrobotics_description/share/roverrobotics_description/urdf/mini.urdf
-- Up-to-date: /root/ros2_ws/install/roverrobotics_description/share/roverrobotics_description/urdf/max_100.urdf
-- Up-to-date: /root/ros2_ws/install/roverrobotics_description/share/roverrobotics_description/urdf/rover_2wd.urdf
-- Up-to-date: /root/ros2_ws/install/roverrobotics_description/share/ament_index/resource_index/package_run_dependencies/roverrobotics_description
-- Up-to-date: /root/ros2_ws/install/roverrobotics_description/share/ament_index/resource_index/parent_prefix_path/roverrobotics_description
-- Up-to-date: /root/ros2_ws/install/roverrobotics_description/share/roverrobotics_description/environment/ament_prefix_path.sh
-- Up-to-date: /root/ros2_ws/install/roverrobotics_description/share/roverrobotics_description/environment/ament_prefix_path.dsv
-- Up-to-date: /root/ros2_ws/install/roverrobotics_description/share/roverrobotics_description/environment/path.sh
-- Up-to-date: /root/ros2_ws/install/roverrobotics_description/share/roverrobotics_description/environment/path.dsv
-- Up-to-date: /root/ros2_ws/install/roverrobotics_description/share/roverrobotics_description/local_setup.bash
-- Up-to-date: /root/ros2_ws/install/roverrobotics_description/share/roverrobotics_description/local_setup.sh
-- Up-to-date: /root/ros2_ws/install/roverrobotics_description/share/roverrobotics_description/local_setup.zsh
-- Up-to-date: /root/ros2_ws/install/roverrobotics_description/share/roverrobotics_description/local_setup.dsv
-- Up-to-date: /root/ros2_ws/install/roverrobotics_description/share/roverrobotics_description/package.dsv
-- Up-to-date: /root/ros2_ws/install/roverrobotics_description/share/ament_index/resource_index/packages/roverrobotics_description
-- Up-to-date: /root/ros2_ws/install/roverrobotics_description/share/roverrobotics_description/cmake/roverrobotics_descriptionConfig.cmake
-- Up-to-date: /root/ros2_ws/install/roverrobotics_description/share/roverrobotics_description/cmake/roverrobotics_descriptionConfig-version.cmake
-- Up-to-date: /root/ros2_ws/install/roverrobotics_description/share/roverrobotics_description/package.xml
