[0.053s] Invoking command in '/root/ros2_ws/build/mini_launchpad': CMAKE_PREFIX_PATH=/opt/ros/humble /usr/bin/cmake /root/ros2_ws/src/mini_launchpad -DCMAKE_INSTALL_PREFIX=/root/ros2_ws/install/mini_launchpad
[0.209s] -- The C compiler identification is GNU 11.4.0
[0.333s] -- The CXX compiler identification is GNU 11.4.0
[0.347s] -- Detecting C compiler ABI info
[0.494s] -- Detecting C compiler ABI info - done
[0.538s] -- Check for working C compiler: /usr/bin/cc - skipped
[0.540s] -- Detecting C compile features
[0.541s] -- Detecting C compile features - done
[0.560s] -- Detecting CXX compiler ABI info
[0.709s] -- Detecting CXX compiler ABI info - done
[0.738s] -- Check for working CXX compiler: /usr/bin/c++ - skipped
[0.739s] -- Detecting CXX compile features
[0.740s] -- Detecting CXX compile features - done
[0.748s] -- Found ament_cmake: 1.3.12 (/opt/ros/humble/share/ament_cmake/cmake)
[1.050s] -- Found Python3: /usr/bin/python3 (found version "3.10.12") found components: Interpreter 
[1.289s] -- Found rclpy: 3.3.17 (/opt/ros/humble/share/rclpy/cmake)
[1.429s] -- Configuring done
[1.437s] -- Generating done
[1.442s] -- Build files have been written to: /root/ros2_ws/build/mini_launchpad
[1.463s] Invoked command in '/root/ros2_ws/build/mini_launchpad' returned '0': CMAKE_PREFIX_PATH=/opt/ros/humble /usr/bin/cmake /root/ros2_ws/src/mini_launchpad -DCMAKE_INSTALL_PREFIX=/root/ros2_ws/install/mini_launchpad
[1.471s] Invoking command in '/root/ros2_ws/build/mini_launchpad': CMAKE_PREFIX_PATH=/opt/ros/humble /usr/bin/cmake --build /root/ros2_ws/build/mini_launchpad -- -j8 -l8
[1.575s] Invoked command in '/root/ros2_ws/build/mini_launchpad' returned '0': CMAKE_PREFIX_PATH=/opt/ros/humble /usr/bin/cmake --build /root/ros2_ws/build/mini_launchpad -- -j8 -l8
[1.576s] Invoking command in '/root/ros2_ws/build/mini_launchpad': CMAKE_PREFIX_PATH=/opt/ros/humble /usr/bin/cmake --install /root/ros2_ws/build/mini_launchpad
[1.587s] -- Install configuration: ""
[1.588s] -- Installing: /root/ros2_ws/install/mini_launchpad/share/mini_launchpad/launch
[1.588s] -- Installing: /root/ros2_ws/install/mini_launchpad/share/mini_launchpad/launch/global
[1.588s] -- Installing: /root/ros2_ws/install/mini_launchpad/share/mini_launchpad/launch/global/Snav2_backend.py
[1.606s] -- Installing: /root/ros2_ws/install/mini_launchpad/share/mini_launchpad/launch/global/nav2_backend.py
[1.606s] -- Installing: /root/ros2_ws/install/mini_launchpad/share/mini_launchpad/launch/real
[1.607s] -- Installing: /root/ros2_ws/install/mini_launchpad/share/mini_launchpad/launch/real/2r_navigation_launch.py
[1.634s] -- Installing: /root/ros2_ws/install/mini_launchpad/share/mini_launchpad/launch/real/mapping
[1.635s] -- Installing: /root/ros2_ws/install/mini_launchpad/share/mini_launchpad/launch/real/mapping/Xr_mappingWcartographer.launch.py
[1.655s] -- Installing: /root/ros2_ws/install/mini_launchpad/share/mini_launchpad/launch/real/mapping/Xr_mappingWslam.launch.py
[1.656s] -- Installing: /root/ros2_ws/install/mini_launchpad/share/mini_launchpad/launch/real/1r_robot_localizationEKF.launch.py
[1.656s] -- Installing: /root/ros2_ws/install/mini_launchpad/share/mini_launchpad/launch/real/0.2r_mini.launch.py
[1.657s] -- Installing: /root/ros2_ws/install/mini_launchpad/share/mini_launchpad/launch/real/3r_Lamcl.launch.py
[1.657s] -- Installing: /root/ros2_ws/install/mini_launchpad/share/mini_launchpad/launch/real/sensor
[1.657s] -- Installing: /root/ros2_ws/install/mini_launchpad/share/mini_launchpad/launch/real/sensor/jt901.launch.py
[1.680s] -- Installing: /root/ros2_ws/install/mini_launchpad/share/mini_launchpad/launch/real/sensor/sllidar_s1_launch.py
[1.681s] -- Installing: /root/ros2_ws/install/mini_launchpad/share/mini_launchpad/launch/real/0.1r_sensorLaunch.launch.py
[1.681s] -- Installing: /root/ros2_ws/install/mini_launchpad/share/mini_launchpad/launch/real/3r_LCartographer.launch.py
[1.682s] -- Installing: /root/ros2_ws/install/mini_launchpad/share/mini_launchpad/launch/sim
[1.682s] -- Installing: /root/ros2_ws/install/mini_launchpad/share/mini_launchpad/launch/sim/mapping
[1.682s] -- Installing: /root/ros2_ws/install/mini_launchpad/share/mini_launchpad/launch/sim/mapping/Xs_mappingWslam.launch.py
[1.683s] -- Installing: /root/ros2_ws/install/mini_launchpad/share/mini_launchpad/launch/sim/mapping/Xs_mappingWcartographer.launch.py
[1.706s] -- Installing: /root/ros2_ws/install/mini_launchpad/share/mini_launchpad/launch/sim/3s_LCartographer.launch.py
[1.706s] -- Installing: /root/ros2_ws/install/mini_launchpad/share/mini_launchpad/launch/sim/2s_navigation.launch.py
[1.706s] -- Installing: /root/ros2_ws/install/mini_launchpad/share/mini_launchpad/launch/sim/1s_robot_localizationEKF.launch.py
[1.707s] -- Installing: /root/ros2_ws/install/mini_launchpad/share/mini_launchpad/launch/sim/3s_Lamcl.launch.py
[1.707s] -- Installing: /root/ros2_ws/install/mini_launchpad/share/mini_launchpad/config
[1.707s] -- Installing: /root/ros2_ws/install/mini_launchpad/share/mini_launchpad/config/localization
[1.708s] -- Installing: /root/ros2_ws/install/mini_launchpad/share/mini_launchpad/config/localization/Slocalization_amcl.yaml
[1.738s] -- Installing: /root/ros2_ws/install/mini_launchpad/share/mini_launchpad/config/localization/baseCartographer.lua
[1.738s] -- Installing: /root/ros2_ws/install/mini_launchpad/share/mini_launchpad/config/localization/localizationCartographer.lua
[1.738s] -- Installing: /root/ros2_ws/install/mini_launchpad/share/mini_launchpad/config/localization/Rlocalization_amcl.yaml
[1.739s] -- Installing: /root/ros2_ws/install/mini_launchpad/share/mini_launchpad/config/localization/localization_amcl.yaml
[1.739s] -- Installing: /root/ros2_ws/install/mini_launchpad/share/mini_launchpad/config/sensor
[1.739s] -- Installing: /root/ros2_ws/install/mini_launchpad/share/mini_launchpad/config/sensor/jt901.yml
[1.805s] -- Installing: /root/ros2_ws/install/mini_launchpad/share/mini_launchpad/config/slam_configs
[1.805s] -- Installing: /root/ros2_ws/install/mini_launchpad/share/mini_launchpad/config/slam_configs/SLAMcartographer.lua
[1.805s] -- Installing: /root/ros2_ws/install/mini_launchpad/share/mini_launchpad/config/slam_configs/mapper_params_online_async.yaml
[1.807s] -- Installing: /root/ros2_ws/install/mini_launchpad/share/mini_launchpad/config/slam_configs/mapper_params_online_sync.yaml
[1.849s] -- Installing: /root/ros2_ws/install/mini_launchpad/share/mini_launchpad/config/nav2_nav
[1.849s] -- Installing: /root/ros2_ws/install/mini_launchpad/share/mini_launchpad/config/nav2_nav/rover_nav2_params.yaml
[1.880s] -- Installing: /root/ros2_ws/install/mini_launchpad/share/mini_launchpad/config/nav2_nav/Srover_nav2_params_dstarP.yaml
[1.881s] -- Installing: /root/ros2_ws/install/mini_launchpad/share/mini_launchpad/config/nav2_nav/rover_nav2_params_dstarP.yaml
[1.881s] -- Installing: /root/ros2_ws/install/mini_launchpad/share/mini_launchpad/config/nav2_nav/Srover_nav2_params.yaml
[1.882s] -- Installing: /root/ros2_ws/install/mini_launchpad/share/mini_launchpad/config/odom_filtered_localization
[1.882s] -- Installing: /root/ros2_ws/install/mini_launchpad/share/mini_launchpad/config/odom_filtered_localization/localization_ekf.yaml
[1.896s] -- Installing: /root/ros2_ws/install/mini_launchpad/share/mini_launchpad/config/odom_filtered_localization/Rlocalization_ekf.yaml
[1.899s] -- Installing: /root/ros2_ws/install/mini_launchpad/share/mini_launchpad/config/odom_filtered_localization/Slocalization_ekf.yaml
[1.899s] -- Installing: /root/ros2_ws/install/mini_launchpad/share/mini_launchpad/maps
[1.899s] -- Installing: /root/ros2_ws/install/mini_launchpad/share/mini_launchpad/maps/simul
[1.899s] -- Installing: /root/ros2_ws/install/mini_launchpad/share/mini_launchpad/maps/simul/my_map.yaml
[1.900s] -- Installing: /root/ros2_ws/install/mini_launchpad/share/mini_launchpad/maps/simul/maze_map.data
[2.625s] -- Installing: /root/ros2_ws/install/mini_launchpad/share/mini_launchpad/maps/simul/maze_map.yaml
[2.628s] -- Installing: /root/ros2_ws/install/mini_launchpad/share/mini_launchpad/maps/simul/maze_cart.pbstream
[3.112s] -- Installing: /root/ros2_ws/install/mini_launchpad/share/mini_launchpad/maps/simul/maze_map.posegraph
[3.914s] -- Installing: /root/ros2_ws/install/mini_launchpad/share/mini_launchpad/maps/simul/maze_cart.yaml
[3.934s] -- Installing: /root/ros2_ws/install/mini_launchpad/share/mini_launchpad/maps/simul/my_map.pgm
[3.957s] -- Installing: /root/ros2_ws/install/mini_launchpad/share/mini_launchpad/maps/simul/visu_map.conf.yaml
[3.986s] -- Installing: /root/ros2_ws/install/mini_launchpad/share/mini_launchpad/maps/simul/maze_map.pgm
[4.012s] -- Installing: /root/ros2_ws/install/mini_launchpad/share/mini_launchpad/maps/simul/maze_cart.pgm
[4.066s] -- Installing: /root/ros2_ws/install/mini_launchpad/share/mini_launchpad/maps/real
[4.066s] -- Installing: /root/ros2_ws/install/mini_launchpad/share/mini_launchpad/maps/real/map.yaml
[4.067s] -- Installing: /root/ros2_ws/install/mini_launchpad/share/mini_launchpad/maps/real/map.pgm
[4.181s] -- Installing: /root/ros2_ws/install/mini_launchpad/share/mini_launchpad/maps/elettra
[4.181s] -- Installing: /root/ros2_ws/install/mini_launchpad/share/mini_launchpad/maps/elettra/Cart
[4.181s] -- Installing: /root/ros2_ws/install/mini_launchpad/share/mini_launchpad/maps/elettra/Cart/map.png
[4.299s] -- Installing: /root/ros2_ws/install/mini_launchpad/share/mini_launchpad/maps/elettra/Cart/map.pbstream
[6.162s] -- Installing: /root/ros2_ws/install/mini_launchpad/share/mini_launchpad/maps/elettra/amclS
[6.163s] -- Installing: /root/ros2_ws/install/mini_launchpad/share/mini_launchpad/maps/elettra/amclS/map.yaml
[6.179s] -- Installing: /root/ros2_ws/install/mini_launchpad/share/mini_launchpad/maps/elettra/amclS/map.pgm
[6.233s] -- Installing: /root/ros2_ws/install/mini_launchpad/share/mini_launchpad/maps/elettra/amcl
[6.237s] -- Installing: /root/ros2_ws/install/mini_launchpad/share/mini_launchpad/maps/elettra/amcl/map.yaml
[6.237s] -- Installing: /root/ros2_ws/install/mini_launchpad/share/mini_launchpad/maps/elettra/amcl/map.pgm
[6.714s] [31mCMake Error at cmake_install.cmake:46 (file):
[6.715s]   file INSTALL cannot find "/root/ros2_ws/src/mini_launchpad/urdf": No such
[6.715s]   file or directory.
[6.715s] 
[6.715s] [0m
[6.725s] Invoked command in '/root/ros2_ws/build/mini_launchpad' returned '1': CMAKE_PREFIX_PATH=/opt/ros/humble /usr/bin/cmake --install /root/ros2_ws/build/mini_launchpad
