[0.043s] Invoking command in '/root/ros2_ws/build/roverrobotics_input_manager': CMAKE_PREFIX_PATH=/opt/ros/humble /usr/bin/cmake --build /root/ros2_ws/build/roverrobotics_input_manager -- -j8 -l8
[0.243s] Invoked command in '/root/ros2_ws/build/roverrobotics_input_manager' returned '0': CMAKE_PREFIX_PATH=/opt/ros/humble /usr/bin/cmake --build /root/ros2_ws/build/roverrobotics_input_manager -- -j8 -l8
[0.244s] Invoking command in '/root/ros2_ws/build/roverrobotics_input_manager': CMAKE_PREFIX_PATH=/opt/ros/humble /usr/bin/cmake --install /root/ros2_ws/build/roverrobotics_input_manager
[0.255s] -- Install configuration: ""
[0.255s] -- Up-to-date: /root/ros2_ws/install/roverrobotics_input_manager/lib/roverrobotics_input_manager/modules
[0.255s] -- Up-to-date: /root/ros2_ws/install/roverrobotics_input_manager/lib/roverrobotics_input_manager/modules/Topics.py
[0.256s] -- Up-to-date: /root/ros2_ws/install/roverrobotics_input_manager/lib/roverrobotics_input_manager/modules/__pycache__
[0.256s] -- Up-to-date: /root/ros2_ws/install/roverrobotics_input_manager/lib/roverrobotics_input_manager/modules/__pycache__/Controller.cpython-310.pyc
[0.258s] -- Up-to-date: /root/ros2_ws/install/roverrobotics_input_manager/lib/roverrobotics_input_manager/modules/__pycache__/Topics.cpython-310.pyc
[0.258s] -- Up-to-date: /root/ros2_ws/install/roverrobotics_input_manager/lib/roverrobotics_input_manager/modules/__pycache__/Topics.cpython-38.pyc
[0.258s] -- Up-to-date: /root/ros2_ws/install/roverrobotics_input_manager/lib/roverrobotics_input_manager/modules/__pycache__/Controller.cpython-38.pyc
[0.259s] -- Up-to-date: /root/ros2_ws/install/roverrobotics_input_manager/lib/roverrobotics_input_manager/modules/Controller.py
[0.259s] -- Up-to-date: /root/ros2_ws/install/roverrobotics_input_manager/lib/roverrobotics_input_manager/joys_manager.py
[0.259s] -- Up-to-date: /root/ros2_ws/install/roverrobotics_input_manager/share/ament_index/resource_index/package_run_dependencies/roverrobotics_input_manager
[0.259s] -- Up-to-date: /root/ros2_ws/install/roverrobotics_input_manager/share/ament_index/resource_index/parent_prefix_path/roverrobotics_input_manager
[0.259s] -- Up-to-date: /root/ros2_ws/install/roverrobotics_input_manager/share/roverrobotics_input_manager/environment/ament_prefix_path.sh
[0.260s] -- Up-to-date: /root/ros2_ws/install/roverrobotics_input_manager/share/roverrobotics_input_manager/environment/ament_prefix_path.dsv
[0.263s] -- Up-to-date: /root/ros2_ws/install/roverrobotics_input_manager/share/roverrobotics_input_manager/environment/path.sh
[0.263s] -- Up-to-date: /root/ros2_ws/install/roverrobotics_input_manager/share/roverrobotics_input_manager/environment/path.dsv
[0.263s] -- Up-to-date: /root/ros2_ws/install/roverrobotics_input_manager/share/roverrobotics_input_manager/local_setup.bash
[0.263s] -- Up-to-date: /root/ros2_ws/install/roverrobotics_input_manager/share/roverrobotics_input_manager/local_setup.sh
[0.263s] -- Up-to-date: /root/ros2_ws/install/roverrobotics_input_manager/share/roverrobotics_input_manager/local_setup.zsh
[0.263s] -- Up-to-date: /root/ros2_ws/install/roverrobotics_input_manager/share/roverrobotics_input_manager/local_setup.dsv
[0.264s] -- Up-to-date: /root/ros2_ws/install/roverrobotics_input_manager/share/roverrobotics_input_manager/package.dsv
[0.264s] -- Up-to-date: /root/ros2_ws/install/roverrobotics_input_manager/share/ament_index/resource_index/packages/roverrobotics_input_manager
[0.264s] -- Up-to-date: /root/ros2_ws/install/roverrobotics_input_manager/share/roverrobotics_input_manager/cmake/roverrobotics_input_managerConfig.cmake
[0.264s] -- Up-to-date: /root/ros2_ws/install/roverrobotics_input_manager/share/roverrobotics_input_manager/cmake/roverrobotics_input_managerConfig-version.cmake
[0.264s] -- Up-to-date: /root/ros2_ws/install/roverrobotics_input_manager/share/roverrobotics_input_manager/package.xml
[0.334s] Invoked command in '/root/ros2_ws/build/roverrobotics_input_manager' returned '0': CMAKE_PREFIX_PATH=/opt/ros/humble /usr/bin/cmake --install /root/ros2_ws/build/roverrobotics_input_manager
