[0.039s] Invoking command in '/root/ros2_ws/build/roverrobotics_driver': CMAKE_PREFIX_PATH=/opt/ros/humble /usr/bin/cmake /root/ros2_ws/src/roverrobotics_ros2/roverrobotics_driver -DCMAKE_INSTALL_PREFIX=/root/ros2_ws/install/roverrobotics_driver
[0.180s] -- The C compiler identification is GNU 11.4.0
[0.302s] -- The CXX compiler identification is GNU 11.4.0
[0.320s] -- Detecting C compiler ABI info
[0.465s] -- Detecting C compiler ABI info - done
[0.495s] -- Check for working C compiler: /usr/bin/cc - skipped
[0.495s] -- Detecting C compile features
[0.495s] -- Detecting C compile features - done
[0.511s] -- Detecting CXX compiler ABI info
[0.708s] -- Detecting CXX compiler ABI info - done
[0.738s] -- Check for working CXX compiler: /usr/bin/c++ - skipped
[0.739s] -- Detecting CXX compile features
[0.741s] -- Detecting CXX compile features - done
[0.746s] -- Found ament_cmake: 1.3.12 (/opt/ros/humble/share/ament_cmake/cmake)
[1.080s] -- Found Python3: /usr/bin/python3 (found version "3.10.12") found components: Interpreter 
[1.288s] -- Found rclcpp: 16.0.14 (/opt/ros/humble/share/rclcpp/cmake)
[1.413s] -- Found rosidl_generator_c: 3.1.7 (/opt/ros/humble/share/rosidl_generator_c/cmake)
[1.436s] -- Found rosidl_adapter: 3.1.7 (/opt/ros/humble/share/rosidl_adapter/cmake)
[1.461s] -- Found rosidl_generator_cpp: 3.1.7 (/opt/ros/humble/share/rosidl_generator_cpp/cmake)
[1.509s] -- Using all available rosidl_typesupport_c: rosidl_typesupport_fastrtps_c;rosidl_typesupport_introspection_c
[1.564s] -- Using all available rosidl_typesupport_cpp: rosidl_typesupport_fastrtps_cpp;rosidl_typesupport_introspection_cpp
[1.652s] -- Found rmw_implementation_cmake: 6.1.2 (/opt/ros/humble/share/rmw_implementation_cmake/cmake)
[1.658s] -- Found rmw_fastrtps_cpp: 6.2.8 (/opt/ros/humble/share/rmw_fastrtps_cpp/cmake)
[1.789s] -- Found OpenSSL: /usr/lib/x86_64-linux-gnu/libcrypto.so (found version "3.0.2")  
[1.837s] -- Found FastRTPS: /opt/ros/humble/include  
[1.911s] -- Using RMW implementation 'rmw_fastrtps_cpp' as default
[1.926s] -- Looking for pthread.h
[2.025s] -- Looking for pthread.h - found
[2.025s] -- Performing Test CMAKE_HAVE_LIBC_PTHREAD
[2.115s] -- Performing Test CMAKE_HAVE_LIBC_PTHREAD - Success
[2.116s] -- Found Threads: TRUE  
[2.199s] -- Found geometry_msgs: 4.9.0 (/opt/ros/humble/share/geometry_msgs/cmake)
[2.218s] -- Found nav_msgs: 4.9.0 (/opt/ros/humble/share/nav_msgs/cmake)
[2.244s] -- Found tf2_geometry_msgs: 0.25.16 (/opt/ros/humble/share/tf2_geometry_msgs/cmake)
[2.256s] -- Found eigen3_cmake_module: 0.1.1 (/opt/ros/humble/share/eigen3_cmake_module/cmake)
[2.259s] -- Found Eigen3: TRUE (found version "3.4.0") 
[2.259s] -- Ensuring Eigen3 include directory is part of orocos-kdl CMake target
[2.432s] -- Found sensor_msgs: 4.9.0 (/opt/ros/humble/share/sensor_msgs/cmake)
[2.626s] -- Configuring done
[2.654s] -- Generating done
[2.663s] -- Build files have been written to: /root/ros2_ws/build/roverrobotics_driver
[2.681s] Invoked command in '/root/ros2_ws/build/roverrobotics_driver' returned '0': CMAKE_PREFIX_PATH=/opt/ros/humble /usr/bin/cmake /root/ros2_ws/src/roverrobotics_ros2/roverrobotics_driver -DCMAKE_INSTALL_PREFIX=/root/ros2_ws/install/roverrobotics_driver
[2.686s] Invoking command in '/root/ros2_ws/build/roverrobotics_driver': CMAKE_PREFIX_PATH=/opt/ros/humble /usr/bin/cmake --build /root/ros2_ws/build/roverrobotics_driver -- -j8 -l8
[2.880s] [  9%] [32mBuilding CXX object CMakeFiles/roverrobotics_driver.dir/src/roverrobotics_ros2_driver.cpp.o[0m
[2.888s] [ 18%] [32mBuilding CXX object CMakeFiles/roverrobotics_driver.dir/library/librover/src/utils.cpp.o[0m
[2.901s] [ 27%] [32mBuilding CXX object CMakeFiles/roverrobotics_driver.dir/library/librover/src/comm_serial.cpp.o[0m
[2.902s] [ 45%] [32mBuilding CXX object CMakeFiles/roverrobotics_driver.dir/library/librover/src/comm_can.cpp.o[0m
[2.902s] [ 45%] [32mBuilding CXX object CMakeFiles/roverrobotics_driver.dir/library/librover/src/protocol_pro.cpp.o[0m
[2.921s] [ 54%] [32mBuilding CXX object CMakeFiles/roverrobotics_driver.dir/library/librover/src/utilities.cpp.o[0m
[2.925s] [ 63%] [32mBuilding CXX object CMakeFiles/roverrobotics_driver.dir/library/librover/src/control.cpp.o[0m
[2.933s] [ 72%] [32mBuilding CXX object CMakeFiles/roverrobotics_driver.dir/library/librover/src/vesc.cpp.o[0m
[4.678s] [01m[K/root/ros2_ws/src/roverrobotics_ros2/roverrobotics_driver/library/librover/src/vesc.cpp:[m[K In member function ‘[01m[Kvesc::vescChannelStatus vesc::BridgedVescArray::parseReceivedMessage(std::vector<unsigned char>)[m[K’:
[4.679s] [01m[K/root/ros2_ws/src/roverrobotics_ros2/roverrobotics_driver/library/librover/src/vesc.cpp:76:5:[m[K [01;35m[Kwarning: [m[Kcontrol reaches end of non-void function [[01;35m[K]8;;https://gcc.gnu.org/onlinedocs/gcc/Warning-Options.html#index-Wreturn-type-Wreturn-type]8;;[m[K]
[4.679s]    76 |     [01;35m[K}[m[K
[4.679s]       |     [01;35m[K^[m[K
[4.886s] [ 81%] [32mBuilding CXX object CMakeFiles/roverrobotics_driver.dir/library/librover/src/protocol_zero_2.cpp.o[0m
[5.537s] [ 90%] [32mBuilding CXX object CMakeFiles/roverrobotics_driver.dir/library/librover/src/differential_robot.cpp.o[0m
[34.372s] [100%] [32m[1mLinking CXX executable roverrobotics_driver[0m
[35.756s] [100%] Built target roverrobotics_driver
